Component: ARM Compiler 5.06 update 4 (build 422) Tool: armlink [4d35d2]

==============================================================================

Section Cross References

    main.o(i.main) refers to public.o(i.STM32_Init) for STM32_Init
    main.o(i.main) refers to slave_computer.o(i.Show_Pages) for Show_Pages
    main.o(i.main) refers to main_control.o(i.Control_main) for Control_main
    public.o(i.STM32_Init) refers to led.o(i.LED_Init) for LED_Init
    public.o(i.STM32_Init) refers to lcd.o(i.LCD_Init) for LCD_Init
    public.o(i.STM32_Init) refers to usart.o(i.USART1_Init) for USART1_Init
    public.o(i.STM32_Init) refers to key.o(i.KEY_Init) for KEY_Init
    public.o(i.STM32_Init) refers to motor.o(i.MOTOR_Init) for MOTOR_Init
    public.o(i.STM32_Init) refers to encoder.o(i.ENCODER_Init) for ENCODER_Init
    public.o(i.STM32_Init) refers to tim.o(i.TIM_10ms_Init) for TIM_10ms_Init
    public.o(i.STM32_Init) refers to public.o(.data) for motor_pwm_max
    usart.o(i.USART1_IRQHandler) refers to stm32f4xx_usart.o(i.USART_GetFlagStatus) for USART_GetFlagStatus
    usart.o(i.USART1_IRQHandler) refers to stm32f4xx_usart.o(i.USART_ReceiveData) for USART_ReceiveData
    usart.o(i.USART1_IRQHandler) refers to led.o(i.LED_Change) for LED_Change
    usart.o(i.USART1_IRQHandler) refers to main_control.o(.data) for direction_flag
    usart.o(i.USART1_Init) refers to stm32f4xx_rcc.o(i.RCC_AHB1PeriphClockCmd) for RCC_AHB1PeriphClockCmd
    usart.o(i.USART1_Init) refers to stm32f4xx_rcc.o(i.RCC_APB2PeriphClockCmd) for RCC_APB2PeriphClockCmd
    usart.o(i.USART1_Init) refers to stm32f4xx_gpio.o(i.GPIO_PinAFConfig) for GPIO_PinAFConfig
    usart.o(i.USART1_Init) refers to stm32f4xx_gpio.o(i.GPIO_Init) for GPIO_Init
    usart.o(i.USART1_Init) refers to stm32f4xx_usart.o(i.USART_Init) for USART_Init
    usart.o(i.USART1_Init) refers to stm32f4xx_usart.o(i.USART_Cmd) for USART_Cmd
    usart.o(i.USART1_Init) refers to stm32f4xx_usart.o(i.USART_ITConfig) for USART_ITConfig
    usart.o(i.USART1_Init) refers to misc.o(i.NVIC_Init) for NVIC_Init
    usart.o(i.USART_Receive) refers to stm32f4xx_usart.o(i.USART_GetFlagStatus) for USART_GetFlagStatus
    usart.o(i.USART_Receive) refers to stm32f4xx_usart.o(i.USART_ReceiveData) for USART_ReceiveData
    usart.o(i.USART_Send) refers to stm32f4xx_usart.o(i.USART_SendData) for USART_SendData
    usart.o(i.USART_Send) refers to stm32f4xx_usart.o(i.USART_GetFlagStatus) for USART_GetFlagStatus
    tim.o(i.TIM7_IRQHandler) refers to stm32f4xx_tim.o(i.TIM_GetITStatus) for TIM_GetITStatus
    tim.o(i.TIM7_IRQHandler) refers to main_control.o(i.Control_10ms) for Control_10ms
    tim.o(i.TIM7_IRQHandler) refers to stm32f4xx_tim.o(i.TIM_ClearITPendingBit) for TIM_ClearITPendingBit
    tim.o(i.TIM_10ms_Init) refers to stm32f4xx_rcc.o(i.RCC_APB1PeriphClockCmd) for RCC_APB1PeriphClockCmd
    tim.o(i.TIM_10ms_Init) refers to stm32f4xx_tim.o(i.TIM_TimeBaseInit) for TIM_TimeBaseInit
    tim.o(i.TIM_10ms_Init) refers to stm32f4xx_tim.o(i.TIM_ITConfig) for TIM_ITConfig
    tim.o(i.TIM_10ms_Init) refers to stm32f4xx_tim.o(i.TIM_Cmd) for TIM_Cmd
    tim.o(i.TIM_10ms_Init) refers to misc.o(i.NVIC_Init) for NVIC_Init
    led.o(i.LED_Change) refers to stm32f4xx_gpio.o(i.GPIO_ReadOutputDataBit) for GPIO_ReadOutputDataBit
    led.o(i.LED_Change) refers to stm32f4xx_gpio.o(i.GPIO_ResetBits) for GPIO_ResetBits
    led.o(i.LED_Change) refers to stm32f4xx_gpio.o(i.GPIO_SetBits) for GPIO_SetBits
    led.o(i.LED_GetStatus) refers to stm32f4xx_gpio.o(i.GPIO_ReadOutputDataBit) for GPIO_ReadOutputDataBit
    led.o(i.LED_Init) refers to stm32f4xx_rcc.o(i.RCC_AHB1PeriphClockCmd) for RCC_AHB1PeriphClockCmd
    led.o(i.LED_Init) refers to stm32f4xx_gpio.o(i.GPIO_Init) for GPIO_Init
    led.o(i.LED_Init) refers to stm32f4xx_gpio.o(i.GPIO_SetBits) for GPIO_SetBits
    led.o(i.LED_Light) refers to stm32f4xx_gpio.o(i.GPIO_ResetBits) for GPIO_ResetBits
    led.o(i.LED_Write) refers to stm32f4xx_gpio.o(i.GPIO_ResetBits) for GPIO_ResetBits
    led.o(i.LED_Write) refers to stm32f4xx_gpio.o(i.GPIO_SetBits) for GPIO_SetBits
    lcd.o(i.LCD_Clear) refers to lcd.o(i.LCD_SetCursor) for LCD_SetCursor
    lcd.o(i.LCD_Clear) refers to lcd.o(i.LCD_WriteRAM_Prepare) for LCD_WriteRAM_Prepare
    lcd.o(i.LCD_Clear) refers to lcd.o(.bss) for lcddev
    lcd.o(i.LCD_Color_Fill) refers to lcd.o(i.LCD_SetCursor) for LCD_SetCursor
    lcd.o(i.LCD_Color_Fill) refers to lcd.o(i.LCD_WriteRAM_Prepare) for LCD_WriteRAM_Prepare
    lcd.o(i.LCD_DisplayOff) refers to lcd.o(i.LCD_WR_REG) for LCD_WR_REG
    lcd.o(i.LCD_DisplayOff) refers to lcd.o(i.LCD_WriteReg) for LCD_WriteReg
    lcd.o(i.LCD_DisplayOff) refers to lcd.o(.bss) for lcddev
    lcd.o(i.LCD_DisplayOn) refers to lcd.o(i.LCD_WR_REG) for LCD_WR_REG
    lcd.o(i.LCD_DisplayOn) refers to lcd.o(i.LCD_WriteReg) for LCD_WriteReg
    lcd.o(i.LCD_DisplayOn) refers to lcd.o(.bss) for lcddev
[...]
    i.GPIO_Init                              0x08000d08   Section        0  stm32f4xx_gpio.o(i.GPIO_Init)
    i.GPIO_PinAFConfig                       0x08000d98   Section        0  stm32f4xx_gpio.o(i.GPIO_PinAFConfig)
    i.GPIO_ReadInputDataBit                  0x08000dde   Section        0  stm32f4xx_gpio.o(i.GPIO_ReadInputDataBit)
    i.GPIO_ReadOutputDataBit                 0x08000df0   Section        0  stm32f4xx_gpio.o(i.GPIO_ReadOutputDataBit)
    i.GPIO_ResetBits                         0x08000e02   Section        0  stm32f4xx_gpio.o(i.GPIO_ResetBits)
    i.GPIO_SetBits                           0x08000e06   Section        0  stm32f4xx_gpio.o(i.GPIO_SetBits)
    i.Get_Encoder0_By_Length0                0x08000e0c   Section        0  handle.o(i.Get_Encoder0_By_Length0)
    i.Get_Encoder1_By_Length1                0x08000e40   Section        0  handle.o(i.Get_Encoder1_By_Length1)
    i.Get_Length0_n                          0x08000e74   Section        0  handle.o(i.Get_Length0_n)
    i.Get_Length1_n                          0x08000ea8   Section        0  handle.o(i.Get_Length1_n)
    i.Get_Length_By_Location                 0x08000edc   Section        0  handle.o(i.Get_Length_By_Location)
    i.Get_Location_n                         0x0800106c   Section        0  handle.o(i.Get_Location_n)
    i.Get_PWM_By_ENCODER                     0x080012dc   Section        0  pid.o(i.Get_PWM_By_ENCODER)
    i.HardFault_Handler                      0x0800147c   Section        0  stm32f4xx_it.o(i.HardFault_Handler)
    i.Is_match                               0x08001480   Section        0  main_control.o(i.Is_match)
    i.KEY_Init                               0x08001594   Section        0  key.o(i.KEY_Init)
    i.KEY_S                                  0x080015d8   Section        0  key.o(i.KEY_S)
    i.LCD_Clear                              0x08001698   Section        0  lcd.o(i.LCD_Clear)
    i.LCD_Display_Dir                        0x08001704   Section        0  lcd.o(i.LCD_Display_Dir)
    i.LCD_Fast_DrawPoint                     0x080018c4   Section        0  lcd.o(i.LCD_Fast_DrawPoint)
    i.LCD_Init                               0x08001a44   Section        0  lcd.o(i.LCD_Init)
    i.LCD_Pow                                0x0800539c   Section        0  lcd.o(i.LCD_Pow)
    i.LCD_RD_DATA                            0x080053b4   Section        0  lcd.o(i.LCD_RD_DATA)
    i.LCD_ReadReg                            0x080053c8   Section        0  lcd.o(i.LCD_ReadReg)
    i.LCD_SSD_BackLightSet                   0x080053e0   Section        0  lcd.o(i.LCD_SSD_BackLightSet)
    i.LCD_Scan_Dir                           0x08005440   Section        0  lcd.o(i.LCD_Scan_Dir)
    i.LCD_SetCursor                          0x0800572c   Section        0  lcd.o(i.LCD_SetCursor)
    i.LCD_ShowChar                           0x080058d4   Section        0  lcd.o(i.LCD_ShowChar)
    i.LCD_ShowNum                            0x080059fc   Section        0  lcd.o(i.LCD_ShowNum)
    i.LCD_ShowString                         0x08005ae0   Section        0  lcd.o(i.LCD_ShowString)
    i.LCD_WR_DATA                            0x08005b48   Section        0  lcd.o(i.LCD_WR_DATA)
    i.LCD_WR_REG                             0x08005b60   Section        0  lcd.o(i.LCD_WR_REG)
    i.LCD_WriteRAM_Prepare                   0x08005b78   Section        0  lcd.o(i.LCD_WriteRAM_Prepare)
    i.LCD_WriteReg                           0x08005b8c   Section        0  lcd.o(i.LCD_WriteReg)
    i.LED_Change                             0x08005ba0   Section        0  led.o(i.LED_Change)
    i.LED_Init                               0x08005bc8   Section        0  led.o(i.LED_Init)
    i.Line_Location                          0x08005c08   Section        0  pattern.o(i.Line_Location)
    i.Line_Op                                0x08005ce4   Section        0  slave_computer.o(i.Line_Op)
    i.MOTOR0_Set                             0x08005d38   Section        0  motor.o(i.MOTOR0_Set)
    i.MOTOR1_Set                             0x08005d7c   Section        0  motor.o(i.MOTOR1_Set)
    i.MOTOR_Init                             0x08005dc0   Section        0  motor.o(i.MOTOR_Init)
    i.MemManage_Handler                      0x08005f10   Section        0  stm32f4xx_it.o(i.MemManage_Handler)
    i.NMI_Handler                            0x08005f14   Section        0  stm32f4xx_it.o(i.NMI_Handler)
    i.NVIC_Init                              0x08005f18   Section        0  misc.o(i.NVIC_Init)
    i.Page_1                                 0x08005f90   Section        0  slave_computer.o(i.Page_1)
    i.Page_2                                 0x080068b8   Section        0  slave_computer.o(i.Page_2)
    i.Page_3                                 0x08007274   Section        0  slave_computer.o(i.Page_3)
    i.Page_Op                                0x08007744   Section        0  slave_computer.o(i.Page_Op)
    i.PendSV_Handler                         0x080077a0   Section        0  stm32f4xx_it.o(i.PendSV_Handler)
    i.Plus_Op                                0x080077a4   Section        0  slave_computer.o(i.Plus_Op)
    i.RCC_AHB1PeriphClockCmd                 0x08007920   Section        0  stm32f4xx_rcc.o(i.RCC_AHB1PeriphClockCmd)
    i.RCC_AHB3PeriphClockCmd                 0x08007940   Section        0  stm32f4xx_rcc.o(i.RCC_AHB3PeriphClockCmd)
    i.RCC_APB1PeriphClockCmd                 0x08007960   Section        0  stm32f4xx_rcc.o(i.RCC_APB1PeriphClockCmd)
    i.RCC_APB2PeriphClockCmd                 0x08007980   Section        0  stm32f4xx_rcc.o(i.RCC_APB2PeriphClockCmd)
    i.RCC_GetClocksFreq                      0x080079a0   Section        0  stm32f4xx_rcc.o(i.RCC_GetClocksFreq)
    i.STM32_Init                             0x08007a88   Section        0  public.o(i.STM32_Init)
    i.SVC_Handler                            0x08007abc   Section        0  stm32f4xx_it.o(i.SVC_Handler)
    i.SetSysClock                            0x08007ac0   Section        0  system_stm32f4xx.o(i.SetSysClock)
    SetSysClock                              0x08007ac1   Thumb Code   220  system_stm32f4xx.o(i.SetSysClock)
    i.Show_Pages                             0x08007bac   Section        0  slave_computer.o(i.Show_Pages)
    i.SysTick_Handler                        0x08007c08   Section        0  stm32f4xx_it.o(i.SysTick_Handler)
    i.SystemInit                             0x08007c0c   Section        0  system_stm32f4xx.o(i.SystemInit)
    i.TI1_Config                             0x08007c74   Section        0  stm32f4xx_tim.o(i.TI1_Config)
    TI1_Config                               0x08007c75   Thumb Code    58  stm32f4xx_tim.o(i.TI1_Config)
    i.TI2_Config                             0x08007cae   Section        0  stm32f4xx_tim.o(i.TI2_Config)
    TI2_Config                               0x08007caf   Thumb Code    80  stm32f4xx_tim.o(i.TI2_Config)
    i.TI3_Config                             0x08007cfe   Section        0  stm32f4xx_tim.o(i.TI3_Config)
    TI3_Config                               0x08007cff   Thumb Code    72  stm32f4xx_tim.o(i.TI3_Config)
    i.TI4_Config                             0x08007d46   Section        0  stm32f4xx_tim.o(i.TI4_Config)
    TI4_Config                               0x08007d47   Thumb Code    80  stm32f4xx_tim.o(i.TI4_Config)
    i.TIM2_IRQHandler                        0x08007d98   Section        0  encoder.o(i.TIM2_IRQHandler)
    i.TIM5_IRQHandler                        0x08007e9c   Section        0  encoder.o(i.TIM5_IRQHandler)
    i.TIM7_IRQHandler                        0x08007fa0   Section        0  tim.o(i.TIM7_IRQHandler)
    i.TIM_10ms_Init                          0x08007fc0   Section        0  tim.o(i.TIM_10ms_Init)
    i.TIM_ARRPreloadConfig                   0x08008020   Section        0  stm32f4xx_tim.o(i.TIM_ARRPreloadConfig)
    i.TIM_ClearITPendingBit                  0x08008038   Section        0  stm32f4xx_tim.o(i.TIM_ClearITPendingBit)
    i.TIM_Cmd                                0x0800803e   Section        0  stm32f4xx_tim.o(i.TIM_Cmd)
    i.TIM_GetCapture3                        0x08008056   Section        0  stm32f4xx_tim.o(i.TIM_GetCapture3)
    i.TIM_GetCapture4                        0x0800805c   Section        0  stm32f4xx_tim.o(i.TIM_GetCapture4)
    i.TIM_GetITStatus                        0x08008062   Section        0  stm32f4xx_tim.o(i.TIM_GetITStatus)
    i.TIM_ICInit                             0x08008084   Section        0  stm32f4xx_tim.o(i.TIM_ICInit)
    i.TIM_ITConfig                           0x080080f2   Section        0  stm32f4xx_tim.o(i.TIM_ITConfig)
    i.TIM_OC1Init                            0x08008104   Section        0  stm32f4xx_tim.o(i.TIM_OC1Init)
    i.TIM_OC1PreloadConfig                   0x08008180   Section        0  stm32f4xx_tim.o(i.TIM_OC1PreloadConfig)
    i.TIM_OC2Init                            0x08008194   Section        0  stm32f4xx_tim.o(i.TIM_OC2Init)
    i.TIM_OC2PreloadConfig                   0x08008238   Section        0  stm32f4xx_tim.o(i.TIM_OC2PreloadConfig)
    i.TIM_OC3PolarityConfig                  0x08008252   Section        0  stm32f4xx_tim.o(i.TIM_OC3PolarityConfig)
    i.TIM_OC4PolarityConfig                  0x0800826c   Section        0  stm32f4xx_tim.o(i.TIM_OC4PolarityConfig)
    i.TIM_SetCompare1                        0x08008286   Section        0  stm32f4xx_tim.o(i.TIM_SetCompare1)
    i.TIM_SetCompare2                        0x0800828a   Section        0  stm32f4xx_tim.o(i.TIM_SetCompare2)
    i.TIM_SetCounter                         0x0800828e   Section        0  stm32f4xx_tim.o(i.TIM_SetCounter)
    i.TIM_SetIC1Prescaler                    0x08008292   Section        0  stm32f4xx_tim.o(i.TIM_SetIC1Prescaler)
    i.TIM_SetIC2Prescaler                    0x080082a4   Section        0  stm32f4xx_tim.o(i.TIM_SetIC2Prescaler)
    i.TIM_SetIC3Prescaler                    0x080082be   Section        0  stm32f4xx_tim.o(i.TIM_SetIC3Prescaler)
    i.TIM_SetIC4Prescaler                    0x080082d0   Section        0  stm32f4xx_tim.o(i.TIM_SetIC4Prescaler)
    i.TIM_TimeBaseInit                       0x080082ec   Section        0  stm32f4xx_tim.o(i.TIM_TimeBaseInit)
    i.USART1_IRQHandler                      0x08008370   Section        0  usart.o(i.USART1_IRQHandler)
    i.USART1_Init                            0x0800839c   Section        0  usart.o(i.USART1_Init)
    i.USART_Cmd                              0x0800845c   Section        0  stm32f4xx_usart.o(i.USART_Cmd)
    i.USART_GetFlagStatus                    0x08008474   Section        0  stm32f4xx_usart.o(i.USART_GetFlagStatus)
    i.USART_ITConfig                         0x0800848e   Section        0  stm32f4xx_usart.o(i.USART_ITConfig)
    i.USART_Init                             0x080084d8   Section        0  stm32f4xx_usart.o(i.USART_Init)
    i.USART_ReceiveData                      0x080085ac   Section        0  stm32f4xx_usart.o(i.USART_ReceiveData)
    i.UsageFault_Handler                     0x080085b6   Section        0  stm32f4xx_it.o(i.UsageFault_Handler)
    i.__ARM_fpclassify                       0x080085ba   Section        0  fpclassify.o(i.__ARM_fpclassify)
    i.__hardfp_cos                           0x080085f0   Section        0  cos.o(i.__hardfp_cos)
    i.__hardfp_pow                           0x080086b8   Section        0  pow.o(i.__hardfp_pow)
    i.__hardfp_sin                           0x08009308   Section        0  sin.o(i.__hardfp_sin)
    i.__hardfp_sqrt                          0x080093d0   Section        0  sqrt.o(i.__hardfp_sqrt)
    i.__ieee754_rem_pio2                     0x08009450   Section        0  rred.o(i.__ieee754_rem_pio2)
    i.__kernel_cos                           0x08009888   Section        0  cos_i.o(i.__kernel_cos)
    i.__kernel_poly                          0x080099f8   Section        0  poly.o(i.__kernel_poly)
    i.__kernel_sin                           0x08009af0   Section        0  sin_i.o(i.__kernel_sin)
    i.__mathlib_dbl_divzero                  0x08009c20   Section        0  dunder.o(i.__mathlib_dbl_divzero)
    i.__mathlib_dbl_infnan                   0x08009c50   Section        0  dunder.o(i.__mathlib_dbl_infnan)
    i.__mathlib_dbl_infnan2                  0x08009c64   Section        0  dunder.o(i.__mathlib_dbl_infnan2)
    i.__mathlib_dbl_invalid                  0x08009c78   Section        0  dunder.o(i.__mathlib_dbl_invalid)
    i.__mathlib_dbl_overflow                 0x08009c98   Section        0  dunder.o(i.__mathlib_dbl_overflow)
    i.__mathlib_dbl_underflow                0x08009cb8   Section        0  dunder.o(i.__mathlib_dbl_underflow)
    i.delay_ms                               0x08009cd8   Section        0  delay.o(i.delay_ms)
    i.delay_us                               0x08009d20   Section        0  delay.o(i.delay_us)
    i.fabs                                   0x08009d6a   Section        0  fabs.o(i.fabs)
    i.main                                   0x08009d82   Section        0  main.o(i.main)
    i.sqrt                                   0x08009d92   Section        0  sqrt.o(i.sqrt)
    x$fpl$basic                              0x08009e00   Section       24  basic.o(x$fpl$basic)
    $v0                                      0x08009e00   Number         0  basic.o(x$fpl$basic)
    x$fpl$dadd                               0x08009e18   Section      336  daddsub_clz.o(x$fpl$dadd)
    $v0                                      0x08009e18   Number         0  daddsub_clz.o(x$fpl$dadd)
    _dadd1                                   0x08009e29   Thumb Code     0  daddsub_clz.o(x$fpl$dadd)
    x$fpl$dcheck1                            0x08009f68   Section       16  dcheck1.o(x$fpl$dcheck1)
    $v0                                      0x08009f68   Number         0  dcheck1.o(x$fpl$dcheck1)
    x$fpl$dcmpinf                            0x08009f78   Section       24  dcmpi.o(x$fpl$dcmpinf)
    $v0                                      0x08009f78   Number         0  dcmpi.o(x$fpl$dcmpinf)
    x$fpl$ddiv                               0x08009f90   Section      688  ddiv.o(x$fpl$ddiv)
    $v0                                      0x08009f90   Number         0  ddiv.o(x$fpl$ddiv)
    ddiv_entry                               0x08009f97   Thumb Code     0  ddiv.o(x$fpl$ddiv)
    x$fpl$dfix                               0x0800a240   Section       94  dfix.o(x$fpl$dfix)
    $v0                                      0x0800a240   Number         0  dfix.o(x$fpl$dfix)
    x$fpl$dfixu                              0x0800a2a0   Section       90  dfixu.o(x$fpl$dfixu)
    $v0                                      0x0800a2a0   Number         0  dfixu.o(x$fpl$dfixu)
    x$fpl$dflt                               0x0800a2fa   Section       46  dflt_clz.o(x$fpl$dflt)
    $v0                                      0x0800a2fa   Number         0  dflt_clz.o(x$fpl$dflt)
    x$fpl$dfltu                              0x0800a328   Section       38  dflt_clz.o(x$fpl$dfltu)
    $v0                                      0x0800a328   Number         0  dflt_clz.o(x$fpl$dfltu)
    x$fpl$dleqf                              0x0800a350   Section      120  dleqf.o(x$fpl$dleqf)
    $v0                                      0x0800a350   Number         0  dleqf.o(x$fpl$dleqf)
    x$fpl$dmul                               0x0800a3c8   Section      340  dmul.o(x$fpl$dmul)
    $v0                                      0x0800a3c8   Number         0  dmul.o(x$fpl$dmul)
    x$fpl$dnaninf                            0x0800a51c   Section      156  dnaninf.o(x$fpl$dnaninf)
    $v0                                      0x0800a51c   Number         0  dnaninf.o(x$fpl$dnaninf)
    x$fpl$dretinf                            0x0800a5b8   Section       12  dretinf.o(x$fpl$dretinf)
    $v0                                      0x0800a5b8   Number         0  dretinf.o(x$fpl$dretinf)
    x$fpl$drleqf                             0x0800a5c4   Section      108  drleqf.o(x$fpl$drleqf)
    $v0                                      0x0800a5c4   Number         0  drleqf.o(x$fpl$drleqf)
    x$fpl$drsb                               0x0800a630   Section       22  daddsub_clz.o(x$fpl$drsb)
    $v0                                      0x0800a630   Number         0  daddsub_clz.o(x$fpl$drsb)
    x$fpl$dsqrt                              0x0800a648   Section      408  dsqrt_umaal.o(x$fpl$dsqrt)
    $v0                                      0x0800a648   Number         0  dsqrt_umaal.o(x$fpl$dsqrt)
    x$fpl$dsub                               0x0800a7e0   Section      468  daddsub_clz.o(x$fpl$dsub)
    $v0                                      0x0800a7e0   Number         0  daddsub_clz.o(x$fpl$dsub)
    _dsub1                                   0x0800a7f1   Thumb Code     0  daddsub_clz.o(x$fpl$dsub)
    x$fpl$fpinit                             0x0800a9b4   Section       10  fpinit.o(x$fpl$fpinit)
    $v0                                      0x0800a9b4   Number         0  fpinit.o(x$fpl$fpinit)
    x$fpl$retnan                             0x0800a9be   Section      100  retnan.o(x$fpl$retnan)
    $v0                                      0x0800a9be   Number         0  retnan.o(x$fpl$retnan)
    x$fpl$scalbn                             0x0800aa22   Section       92  scalbn.o(x$fpl$scalbn)
    $v0                                      0x0800aa22   Number         0  scalbn.o(x$fpl$scalbn)
    x$fpl$trapveneer                         0x0800aa7e   Section       48  trapv.o(x$fpl$trapveneer)
    $v0                                      0x0800aa7e   Number         0  trapv.o(x$fpl$trapveneer)
    .constdata                               0x0800aaae   Section     6080  lcd.o(.constdata)
    x$fpl$usenofp                            0x0800aaae   Section        0  usenofp.o(x$fpl$usenofp)
    .constdata                               0x0800c270   Section       94  slave_computer.o(.constdata)
    .constdata                               0x0800c2d0   Section      136  pow.o(.constdata)
    bp                                       0x0800c2d0   Data          16  pow.o(.constdata)
    dp_h                                     0x0800c2e0   Data          16  pow.o(.constdata)
    dp_l                                     0x0800c2f0   Data          16  pow.o(.constdata)
    L                                        0x0800c300   Data          48  pow.o(.constdata)
    P                                        0x0800c330   Data          40  pow.o(.constdata)
    .constdata                               0x0800c358   Section       48  cos_i.o(.constdata)
    C                                        0x0800c358   Data          48  cos_i.o(.constdata)
    .constdata                               0x0800c388   Section        8  qnan.o(.constdata)
    .constdata                               0x0800c390   Section      200  rred.o(.constdata)
    pio2s                                    0x0800c390   Data          48  rred.o(.constdata)
    twooverpi                                0x0800c3c0   Data         152  rred.o(.constdata)
    .constdata                               0x0800c458   Section       40  sin_i.o(.constdata)
    S                                        0x0800c458   Data          40  sin_i.o(.constdata)
    .data                                    0x20000000   Section        4  public.o(.data)
    .data                                    0x20000004   Section        4  lcd.o(.data)
    .data                                    0x20000008   Section        1  key.o(.data)
    key_up                                   0x20000008   Data           1  key.o(.data)
    .data                                    0x20000010   Section       24  encoder.o(.data)
    .data                                    0x20000028   Section       41  main_control.o(.data)
    cube_flag                                0x20000050   Data           1  main_control.o(.data)
    .data                                    0x20000058   Section       44  pid.o(.data)
    encoder_dev_0                            0x20000074   Data           8  pid.o(.data)
    encoder_dev_sum                          0x2000007c   Data           8  pid.o(.data)
    .data                                    0x20000084   Section       23  slave_computer.o(.data)
    .data                                    0x2000009b   Section       16  stm32f4xx_rcc.o(.data)
    APBAHBPrescTable                         0x2000009b   Data          16  stm32f4xx_rcc.o(.data)
    .bss                                     0x200000ac   Section       14  lcd.o(.bss)
    .bss                                     0x200000c0   Section      120  main_control.o(.bss)
    .bss                                     0x20000138   Section       16  slave_computer.o(.bss)
    .bss                                     0x20000148   Section       96  libspace.o(.bss)
    HEAP                                     0x200001a8   Section      512  startup_stm32f40_41xxx.o(HEAP)
    Heap_Mem                                 0x200001a8   Data         512  startup_stm32f40_41xxx.o(HEAP)
    STACK                                    0x200003a8   Section     1024  startup_stm32f40_41xxx.o(STACK)
    Stack_Mem                                0x200003a8   Data        1024  startup_stm32f40_41xxx.o(STACK)
    __initial_sp                             0x200007a8   Data           0  startup_stm32f40_41xxx.o(STACK)

    Global Symbols

    Symbol Name                              Value     Ov Type        Size  Object(Section)

    BuildAttributes$$THM_ISAv4$E$P$D$K$B$S$7EM$VFPi3$EXTD16$VFPS$VFMA$PE$A:L22UL41UL21$X:L11$S22US41US21$IEEE1$IW$USESV6$~STKCKD$USESV7$~SHL$OTIME$ROPI$IEEEX$EBA8$UX$STANDARDLIB$REQ8$PRES8$EABIv2 0x00000000   Number         0  anon$$obj.o ABSOLUTE
    __ARM_use_no_argv                        0x00000000   Number         0  main.o ABSOLUTE
    __ARM_exceptions_init                     - Undefined Weak Reference
    __alloca_initialize                       - Undefined Weak Reference
    __arm_preinit_                            - Undefined Weak Reference
    __cpp_initialize__aeabi_                  - Undefined Weak Reference
    __cxa_finalize                            - Undefined Weak Reference
    __rt_locale                               - Undefined Weak Reference
    __sigvec_lookup                           - Undefined Weak Reference
    _atexit_init                              - Undefined Weak Reference
    _call_atexit_fns                          - Undefined Weak Reference
    _clock_init                               - Undefined Weak Reference
    _fp_trap_init                             - Undefined Weak Reference
    _fp_trap_shutdown                         - Undefined Weak Reference
    _get_lc_collate                           - Undefined Weak Reference
    _get_lc_ctype                             - Undefined Weak Reference
    _get_lc_monetary                          - Undefined Weak Reference
    _get_lc_numeric                           - Undefined Weak Reference
    _get_lc_time                              - Undefined Weak Reference
    _getenv_init                              - Undefined Weak Reference
    _handle_redirection                       - Undefined Weak Reference
    _init_alloc                               - Undefined Weak Reference
    _init_user_alloc                          - Undefined Weak Reference
    _initio                                   - Undefined Weak Reference
    _rand_init                                - Undefined Weak Reference
    _signal_finish                            - Undefined Weak Reference
    _signal_init                              - Undefined Weak Reference
    _terminate_alloc                          - Undefined Weak Reference
    _terminate_user_alloc                     - Undefined Weak Reference
    _terminateio                              - Undefined Weak Reference
    __Vectors_Size                           0x00000188   Number         0  startup_stm32f40_41xxx.o ABSOLUTE
    __Vectors                                0x08000000   Data           4  startup_stm32f40_41xxx.o(RESET)
    __Vectors_End                            0x08000188   Data           0  startup_stm32f40_41xxx.o(RESET)
    __main                                   0x08000189   Thumb Code     8  __main.o(!!!main)
    __scatterload                            0x08000191   Thumb Code     0  __scatter.o(!!!scatter)
    __scatterload_rt2                        0x08000191   Thumb Code    44  __scatter.o(!!!scatter)
    __scatterload_rt2_thumb_only             0x08000191   Thumb Code     0  __scatter.o(!!!scatter)
    __scatterload_null                       0x0800019f   Thumb Code     0  __scatter.o(!!!scatter)
    __scatterload_copy                       0x080001c5   Thumb Code    26  __scatter_copy.o(!!handler_copy)
    __scatterload_zeroinit                   0x080001e1   Thumb Code    28  __scatter_zi.o(!!handler_zi)
    __rt_lib_init                            0x080001fd   Thumb Code     0  libinit.o(.ARM.Collect$$libinit$$00000000)
    __rt_lib_init_fp_1                       0x080001ff   Thumb Code     0  libinit2.o(.ARM.Collect$$libinit$$00000001)
    __rt_lib_init_alloca_1                   0x08000203   Thumb Code     0  libinit2.o(.ARM.Collect$$libinit$$0000002E)
    __rt_lib_init_argv_1                     0x08000203   Thumb Code     0  libinit2.o(.ARM.Collect$$libinit$$0000002C)
    __rt_lib_init_atexit_1                   0x08000203   Thumb Code     0  libinit2.o(.ARM.Collect$$libinit$$0000001B)
    __rt_lib_init_clock_1                    0x08000203   Thumb Code     0  libinit2.o(.ARM.Collect$$libinit$$00000021)
    __rt_lib_init_cpp_1                      0x08000203   Thumb Code     0  libinit2.o(.ARM.Collect$$libinit$$00000032)
    __rt_lib_init_exceptions_1               0x08000203   Thumb Code     0  libinit2.o(.ARM.Collect$$libinit$$00000030)
    __rt_lib_init_fp_trap_1                  0x08000203   Thumb Code     0  libinit2.o(.ARM.Collect$$libinit$$0000001F)
    __rt_lib_init_getenv_1                   0x08000203   Thumb Code     0  libinit2.o(.ARM.Collect$$libinit$$00000023)
    __rt_lib_init_heap_1                     0x08000203   Thumb Code     0  libinit2.o(.ARM.Collect$$libinit$$0000000A)
    __rt_lib_init_lc_collate_1               0x08000203   Thumb Code     0  libinit2.o(.ARM.Collect$$libinit$$00000011)
    __rt_lib_init_lc_ctype_1                 0x08000203   Thumb Code     0  libinit2.o(.ARM.Collect$$libinit$$00000013)
    __rt_lib_init_lc_monetary_1              0x08000203   Thumb Code     0  libinit2.o(.ARM.Collect$$libinit$$00000015)
    __rt_lib_init_lc_numeric_1               0x08000203   Thumb Code     0  libinit2.o(.ARM.Collect$$libinit$$00000017)
    __rt_lib_init_lc_time_1                  0x08000203   Thumb Code     0  libinit2.o(.ARM.Collect$$libinit$$00000019)
    __rt_lib_init_preinit_1                  0x08000203   Thumb Code     0  libinit2.o(.ARM.Collect$$libinit$$00000004)
    __rt_lib_init_rand_1                     0x08000203   Thumb Code     0  libinit2.o(.ARM.Collect$$libinit$$0000000E)
    __rt_lib_init_return                     0x08000203   Thumb Code     0  libinit2.o(.ARM.Collect$$libinit$$00000033)
    __rt_lib_init_signal_1                   0x08000203   Thumb Code     0  libinit2.o(.ARM.Collect$$libinit$$0000001D)
    __rt_lib_init_stdio_1                    0x08000203   Thumb Code     0  libinit2.o(.ARM.Collect$$libinit$$00000025)
    __rt_lib_init_user_alloc_1               0x08000203   Thumb Code     0  libinit2.o(.ARM.Collect$$libinit$$0000000C)
    __rt_lib_shutdown                        0x08000205   Thumb Code     0  libshutdown.o(.ARM.Collect$$libshutdown$$00000000)
    __rt_lib_shutdown_cpp_1                  0x08000207   Thumb Code     0  libshutdown2.o(.ARM.Collect$$libshutdown$$00000002)
    __rt_lib_shutdown_fp_trap_1              0x08000207   Thumb Code     0  libshutdown2.o(.ARM.Collect$$libshutdown$$00000007)
    __rt_lib_shutdown_heap_1                 0x08000207   Thumb Code     0  libshutdown2.o(.ARM.Collect$$libshutdown$$0000000F)
    __rt_lib_shutdown_return                 0x08000207   Thumb Code     0  libshutdown2.o(.ARM.Collect$$libshutdown$$00000010)
    __rt_lib_shutdown_signal_1               0x08000207   Thumb Code     0  libshutdown2.o(.ARM.Collect$$libshutdown$$0000000A)
    __rt_lib_shutdown_stdio_1                0x08000207   Thumb Code     0  libshutdown2.o(.ARM.Collect$$libshutdown$$00000004)
    __rt_lib_shutdown_user_alloc_1           0x08000207   Thumb Code     0  libshutdown2.o(.ARM.Collect$$libshutdown$$0000000C)
    __rt_entry                               0x08000209   Thumb Code     0  __rtentry.o(.ARM.Collect$$rtentry$$00000000)
    __rt_entry_presh_1                       0x08000209   Thumb Code     0  __rtentry2.o(.ARM.Collect$$rtentry$$00000002)
    __rt_entry_sh                            0x08000209   Thumb Code     0  __rtentry4.o(.ARM.Collect$$rtentry$$00000004)
    __rt_entry_li                            0x0800020f   Thumb Code     0  __rtentry2.o(.ARM.Collect$$rtentry$$0000000A)
    __rt_entry_postsh_1                      0x0800020f   Thumb Code     0  __rtentry2.o(.ARM.Collect$$rtentry$$00000009)
    __rt_entry_main                          0x08000213   Thumb Code     0  __rtentry2.o(.ARM.Collect$$rtentry$$0000000D)
    __rt_entry_postli_1                      0x08000213   Thumb Code     0  __rtentry2.o(.ARM.Collect$$rtentry$$0000000C)
    __rt_exit                                0x0800021b   Thumb Code     0  rtexit.o(.ARM.Collect$$rtexit$$00000000)
    __rt_exit_ls                             0x0800021d   Thumb Code     0  rtexit2.o(.ARM.Collect$$rtexit$$00000003)
    __rt_exit_prels_1                        0x0800021d   Thumb Code     0  rtexit2.o(.ARM.Collect$$rtexit$$00000002)
    __rt_exit_exit                           0x08000221   Thumb Code     0  rtexit2.o(.ARM.Collect$$rtexit$$00000004)
    Reset_Handler                            0x08000229   Thumb Code     8  startup_stm32f40_41xxx.o(.text)
    ADC_IRQHandler                           0x08000243   Thumb Code     0  startup_stm32f40_41xxx.o(.text)
    CAN1_RX0_IRQHandler                      0x08000243   Thumb Code     0  startup_stm32f40_41xxx.o(.text)
    CAN1_RX1_IRQHandler                      0x08000243   Thumb Code     0  startup_stm32f40_41xxx.o(.text)
    CAN1_SCE_IRQHandler                      0x08000243   Thumb Code     0  startup_stm32f40_41xxx.o(.text)
    CAN1_TX_IRQHandler                       0x08000243   Thumb Code     0  startup_stm32f40_41xxx.o(.text)
    CAN2_RX0_IRQHandler                      0x08000243   Thumb Code     0  startup_stm32f40_41xxx.o(.text)
    CAN2_RX1_IRQHandler                      0x08000243   Thumb Code     0  startup_stm32f40_41xxx.o(.text)
    CAN2_SCE_IRQHandler                      0x08000243   Thumb Code     0  startup_stm32f40_41xxx.o(.text)
    CAN2_TX_IRQHandler                       0x08000243   Thumb Code     0  startup_stm32f40_41xxx.o(.text)
    CRYP_IRQHandler                          0x08000243   Thumb Code     0  startup_stm32f40_41xxx.o(.text)
    DCMI_IRQHandler                          0x08000243   Thumb Code     0  startup_stm32f40_41xxx.o(.text)
    DMA1_Stream0_IRQHandler                  0x08000243   Thumb Code     0  startup_stm32f40_41xxx.o(.text)
    DMA1_Stream1_IRQHandler                  0x08000243   Thumb Code     0  startup_stm32f40_41xxx.o(.text)
    DMA1_Stream2_IRQHandler                  0x08000243   Thumb Code     0  startup_stm32f40_41xxx.o(.text)
    DMA1_Stream3_IRQHandler                  0x08000243   Thumb Code     0  startup_stm32f40_41xxx.o(.text)
    DMA1_Stream4_IRQHandler                  0x08000243   Thumb Code     0  startup_stm32f40_41xxx.o(.text)
    DMA1_Stream5_IRQHandler                  0x08000243   Thumb Code     0  startup_stm32f40_41xxx.o(.text)
    DMA1_Stream6_IRQHandler                  0x08000243   Thumb Code     0  startup_stm32f40_41xxx.o(.text)
    DMA1_Stream7_IRQHandler                  0x08000243   Thumb Code     0  startup_stm32f40_41xxx.o(.text)
    DMA2_Stream0_IRQHandler                  0x08000243   Thumb Code     0  startup_stm32f40_41xxx.o(.text)
    DMA2_Stream1_IRQHandler                  0x08000243   Thumb Code     0  startup_stm32f40_41xxx.o(.text)
    DMA2_Stream2_IRQHandler                  0x08000243   Thumb Code     0  startup_stm32f40_41xxx.o(.text)
    DMA2_Stream3_IRQHandler                  0x08000243   Thumb Code     0  startup_stm32f40_41xxx.o(.text)
    DMA2_Stream4_IRQHandler                  0x08000243   Thumb Code     0  startup_stm32f40_41xxx.o(.text)
    DMA2_Stream5_IRQHandler                  0x08000243   Thumb Code     0  startup_stm32f40_41xxx.o(.text)
    DMA2_Stream6_IRQHandler                  0x08000243   Thumb Code     0  startup_stm32f40_41xxx.o(.text)
    DMA2_Stream7_IRQHandler                  0x08000243   Thumb Code     0  startup_stm32f40_41xxx.o(.text)
    ETH_IRQHandler                           0x08000243   Thumb Code     0  startup_stm32f40_41xxx.o(.text)
    ETH_WKUP_IRQHandler                      0x08000243   Thumb Code     0  startup_stm32f40_41xxx.o(.text)
    EXTI0_IRQHandler                         0x08000243   Thumb Code     0  startup_stm32f40_41xxx.o(.text)
    EXTI15_10_IRQHandler                     0x08000243   Thumb Code     0  startup_stm32f40_41xxx.o(.text)
    EXTI1_IRQHandler                         0x08000243   Thumb Code     0  startup_stm32f40_41xxx.o(.text)
    EXTI2_IRQHandler                         0x08000243   Thumb Code     0  startup_stm32f40_41xxx.o(.text)
    EXTI3_IRQHandler                         0x08000243   Thumb Code     0  startup_stm32f40_41xxx.o(.text)
    EXTI4_IRQHandler                         0x08000243   Thumb Code     0  startup_stm32f40_41xxx.o(.text)
    EXTI9_5_IRQHandler                       0x08000243   Thumb Code     0  startup_stm32f40_41xxx.o(.text)
    FLASH_IRQHandler                         0x08000243   Thumb Code     0  startup_stm32f40_41xxx.o(.text)
    FPU_IRQHandler                           0x08000243   Thumb Code     0  startup_stm32f40_41xxx.o(.text)
    FSMC_IRQHandler                          0x08000243   Thumb Code     0  startup_stm32f40_41xxx.o(.text)
    HASH_RNG_IRQHandler                      0x08000243   Thumb Code     0  startup_stm32f40_41xxx.o(.text)
    I2C1_ER_IRQHandler                       0x08000243   Thumb Code     0  startup_stm32f40_41xxx.o(.text)
    I2C1_EV_IRQHandler                       0x08000243   Thumb Code     0  startup_stm32f40_41xxx.o(.text)
    I2C2_ER_IRQHandler                       0x08000243   Thumb Code     0  startup_stm32f40_41xxx.o(.text)
    I2C2_EV_IRQHandler                       0x08000243   Thumb Code     0  startup_stm32f40_41xxx.o(.text)
    I2C3_ER_IRQHandler                       0x08000243   Thumb Code     0  startup_stm32f40_41xxx.o(.text)
    I2C3_EV_IRQHandler                       0x08000243   Thumb Code     0  startup_stm32f40_41xxx.o(.text)
    OTG_FS_IRQHandler                        0x08000243   Thumb Code     0  startup_stm32f40_41xxx.o(.text)
    OTG_FS_WKUP_IRQHandler                   0x08000243   Thumb Code     0  startup_stm32f40_41xxx.o(.text)
    OTG_HS_EP1_IN_IRQHandler                 0x08000243   Thumb Code     0  startup_stm32f40_41xxx.o(.text)
    OTG_HS_EP1_OUT_IRQHandler                0x08000243   Thumb Code     0  startup_stm32f40_41xxx.o(.text)
    OTG_HS_IRQHandler                        0x08000243   Thumb Code     0  startup_stm32f40_41xxx.o(.text)
    OTG_HS_WKUP_IRQHandler                   0x08000243   Thumb Code     0  startup_stm32f40_41xxx.o(.text)
    PVD_IRQHandler                           0x08000243   Thumb Code     0  startup_stm32f40_41xxx.o(.text)
    RCC_IRQHandler                           0x08000243   Thumb Code     0  startup_stm32f40_41xxx.o(.text)
    RTC_Alarm_IRQHandler                     0x08000243   Thumb Code     0  startup_stm32f40_41xxx.o(.text)
    RTC_WKUP_IRQHandler                      0x08000243   Thumb Code     0  startup_stm32f40_41xxx.o(.text)
    SDIO_IRQHandler                          0x08000243   Thumb Code     0  startup_stm32f40_41xxx.o(.text)
    SPI1_IRQHandler                          0x08000243   Thumb Code     0  startup_stm32f40_41xxx.o(.text)
    SPI2_IRQHandler                          0x08000243   Thumb Code     0  startup_stm32f40_41xxx.o(.text)
    SPI3_IRQHandler                          0x08000243   Thumb Code     0  startup_stm32f40_41xxx.o(.text)
    TAMP_STAMP_IRQHandler                    0x08000243   Thumb Code     0  startup_stm32f40_41xxx.o(.text)
    TIM1_BRK_TIM9_IRQHandler                 0x08000243   Thumb Code     0  startup_stm32f40_41xxx.o(.text)
    TIM1_CC_IRQHandler                       0x08000243   Thumb Code     0  startup_stm32f40_41xxx.o(.text)
    TIM1_TRG_COM_TIM11_IRQHandler            0x08000243   Thumb Code     0  startup_stm32f40_41xxx.o(.text)
    TIM1_UP_TIM10_IRQHandler                 0x08000243   Thumb Code     0  startup_stm32f40_41xxx.o(.text)
    TIM3_IRQHandler                          0x08000243   Thumb Code     0  startup_stm32f40_41xxx.o(.text)
    TIM4_IRQHandler                          0x08000243   Thumb Code     0  startup_stm32f40_41xxx.o(.text)
    TIM6_DAC_IRQHandler                      0x08000243   Thumb Code     0  startup_stm32f40_41xxx.o(.text)
    TIM8_BRK_TIM12_IRQHandler                0x08000243   Thumb Code     0  startup_stm32f40_41xxx.o(.text)
    TIM8_CC_IRQHandler                       0x08000243   Thumb Code     0  startup_stm32f40_41xxx.o(.text)
    TIM8_TRG_COM_TIM14_IRQHandler            0x08000243   Thumb Code     0  startup_stm32f40_41xxx.o(.text)
    TIM8_UP_TIM13_IRQHandler                 0x08000243   Thumb Code     0  startup_stm32f40_41xxx.o(.text)
    UART4_IRQHandler                         0x08000243   Thumb Code     0  startup_stm32f40_41xxx.o(.text)
    UART5_IRQHandler                         0x08000243   Thumb Code     0  startup_stm32f40_41xxx.o(.text)
    USART2_IRQHandler                        0x08000243   Thumb Code     0  startup_stm32f40_41xxx.o(.text)
    USART3_IRQHandler                        0x08000243   Thumb Code     0  startup_stm32f40_41xxx.o(.text)
    USART6_IRQHandler                        0x08000243   Thumb Code     0  startup_stm32f40_41xxx.o(.text)
    WWDG_IRQHandler                          0x08000243   Thumb Code     0  startup_stm32f40_41xxx.o(.text)
    __user_initial_stackheap                 0x08000245   Thumb Code     0  startup_stm32f40_41xxx.o(.text)
    __aeabi_memcpy4                          0x08000269   Thumb Code     0  rt_memcpy_w.o(.text)
    __aeabi_memcpy8                          0x08000269   Thumb Code     0  rt_memcpy_w.o(.text)
    __rt_memcpy_w                            0x08000269   Thumb Code   100  rt_memcpy_w.o(.text)
    _memcpy_lastbytes_aligned                0x080002b1   Thumb Code     0  rt_memcpy_w.o(.text)
    __use_two_region_memory                  0x080002cd   Thumb Code     2  heapauxi.o(.text)
    __rt_heap_escrow$2region                 0x080002cf   Thumb Code     2  heapauxi.o(.text)
    __rt_heap_expand$2region                 0x080002d1   Thumb Code     2  heapauxi.o(.text)
    __read_errno                             0x080002d3   Thumb Code    10  _rserrno.o(.text)
    __set_errno                              0x080002dd   Thumb Code    12  _rserrno.o(.text)
    __aeabi_errno_addr                       0x080002e9   Thumb Code     8  rt_errno_addr_intlibspace.o(.text)
    __errno$intlibspace                      0x080002e9   Thumb Code     0  rt_errno_addr_intlibspace.o(.text)
    __rt_errno_addr$intlibspace              0x080002e9   Thumb Code     0  rt_errno_addr_intlibspace.o(.text)
    __user_libspace                          0x080002f1   Thumb Code     8  libspace.o(.text)
    __user_perproc_libspace                  0x080002f1   Thumb Code     0  libspace.o(.text)
    __user_perthread_libspace                0x080002f1   Thumb Code     0  libspace.o(.text)
    __user_setup_stackheap                   0x080002f9   Thumb Code    74  sys_stackheap_outer.o(.text)
    exit                                     0x08000343   Thumb Code    18  exit.o(.text)
    _sys_exit                                0x08000355   Thumb Code     8  sys_exit.o(.text)
    __I$use$semihosting                      0x08000361   Thumb Code     0  use_no_semi.o(.text)
    __use_no_semihosting_swi                 0x08000361   Thumb Code     2  use_no_semi.o(.text)
    BusFault_Handler                         0x08000363   Thumb Code     4  stm32f4xx_it.o(i.BusFault_Handler)
    __semihosting_library_function           0x08000363   Thumb Code     0  indicate_semi.o(.text)
    Circle_Location                          0x08000369   Thumb Code   214  pattern.o(i.Circle_Location)
    Control_10ms                             0x0800045d   Thumb Code   162  main_control.o(i.Control_10ms)
    Control_main                             0x0800052d   Thumb Code  1108  main_control.o(i.Control_main)
    Data_Op                                  0x08000985   Thumb Code    70  slave_computer.o(i.Data_Op)
    DebugMon_Handler                         0x080009d9   Thumb Code     2  stm32f4xx_it.o(i.DebugMon_Handler)
    Debug_Op                                 0x080009dd   Thumb Code   136  slave_computer.o(i.Debug_Op)
    ENCODER_Init                             0x08000a81   Thumb Code   278  encoder.o(i.ENCODER_Init)
    FSMC_NORSRAMCmd                          0x08000ba9   Thumb Code    46  stm32f4xx_fsmc.o(i.FSMC_NORSRAMCmd)
    FSMC_NORSRAMInit                         0x08000bdd   Thumb Code   230  stm32f4xx_fsmc.o(i.FSMC_NORSRAMInit)
    Flag_Op                                  0x08000cc5   Thumb Code    60  slave_computer.o(i.Flag_Op)
    GPIO_Init                                0x08000d09   Thumb Code   144  stm32f4xx_gpio.o(i.GPIO_Init)
    GPIO_PinAFConfig                         0x08000d99   Thumb Code    70  stm32f4xx_gpio.o(i.GPIO_PinAFConfig)
    GPIO_ReadInputDataBit                    0x08000ddf   Thumb Code    18  stm32f4xx_gpio.o(i.GPIO_ReadInputDataBit)
    GPIO_ReadOutputDataBit                   0x08000df1   Thumb Code    18  stm32f4xx_gpio.o(i.GPIO_ReadOutputDataBit)
    GPIO_ResetBits                           0x08000e03   Thumb Code     4  stm32f4xx_gpio.o(i.GPIO_ResetBits)
    GPIO_SetBits                             0x08000e07   Thumb Code     4  stm32f4xx_gpio.o(i.GPIO_SetBits)
    Get_Encoder0_By_Length0                  0x08000e0d   Thumb Code    44  handle.o(i.Get_Encoder0_By_Length0)
    Get_Encoder1_By_Length1                  0x08000e41   Thumb Code    44  handle.o(i.Get_Encoder1_By_Length1)
    Get_Length0_n                            0x08000e75   Thumb Code    40  handle.o(i.Get_Length0_n)
    Get_Length1_n                            0x08000ea9   Thumb Code    40  handle.o(i.Get_Length1_n)
    Get_Length_By_Location                   0x08000edd   Thumb Code   352  handle.o(i.Get_Length_By_Location)
    Get_Location_n                           0x0800106d   Thumb Code   572  handle.o(i.Get_Location_n)
    Get_PWM_By_ENCODER                       0x080012dd   Thumb Code   388  pid.o(i.Get_PWM_By_ENCODER)
    HardFault_Handler                        0x0800147d   Thumb Code     4  stm32f4xx_it.o(i.HardFault_Handler)
    Is_match                                 0x08001481   Thumb Code   250  main_control.o(i.Is_match)
    KEY_Init                                 0x08001595   Thumb Code    60  key.o(i.KEY_Init)
    KEY_S                                    0x080015d9   Thumb Code   178  key.o(i.KEY_S)
    LCD_Clear                                0x08001699   Thumb Code   100  lcd.o(i.LCD_Clear)
    LCD_Display_Dir                          0x08001705   Thumb Code   444  lcd.o(i.LCD_Display_Dir)
    LCD_Fast_DrawPoint                       0x080018c5   Thumb Code   374  lcd.o(i.LCD_Fast_DrawPoint)
    LCD_Init                                 0x08001a45   Thumb Code 14672  lcd.o(i.LCD_Init)
    LCD_Pow                                  0x0800539d   Thumb Code    22  lcd.o(i.LCD_Pow)
    LCD_RD_DATA                              0x080053b5   Thumb Code    14  lcd.o(i.LCD_RD_DATA)
    LCD_ReadReg                              0x080053c9   Thumb Code    22  lcd.o(i.LCD_ReadReg)
    LCD_SSD_BackLightSet                     0x080053e1   Thumb Code    88  lcd.o(i.LCD_SSD_BackLightSet)
    LCD_Scan_Dir                             0x08005441   Thumb Code   744  lcd.o(i.LCD_Scan_Dir)
    LCD_SetCursor                            0x0800572d   Thumb Code   418  lcd.o(i.LCD_SetCursor)
    LCD_ShowChar                             0x080058d5   Thumb Code   272  lcd.o(i.LCD_ShowChar)
    LCD_ShowNum                              0x080059fd   Thumb Code   228  lcd.o(i.LCD_ShowNum)
    LCD_ShowString                           0x08005ae1   Thumb Code   102  lcd.o(i.LCD_ShowString)
    LCD_WR_DATA                              0x08005b49   Thumb Code    18  lcd.o(i.LCD_WR_DATA)
    LCD_WR_REG                               0x08005b61   Thumb Code    18  lcd.o(i.LCD_WR_REG)
    LCD_WriteRAM_Prepare                     0x08005b79   Thumb Code    10  lcd.o(i.LCD_WriteRAM_Prepare)
    LCD_WriteReg                             0x08005b8d   Thumb Code    14  lcd.o(i.LCD_WriteReg)
    LED_Change                               0x08005ba1   Thumb Code    34  led.o(i.LED_Change)
    LED_Init                                 0x08005bc9   Thumb Code    60  led.o(i.LED_Init)
    Line_Location                            0x08005c09   Thumb Code   216  pattern.o(i.Line_Location)
    Line_Op                                  0x08005ce5   Thumb Code    74  slave_computer.o(i.Line_Op)
    MOTOR0_Set                               0x08005d39   Thumb Code    60  motor.o(i.MOTOR0_Set)
    MOTOR1_Set                               0x08005d7d   Thumb Code    62  motor.o(i.MOTOR1_Set)
    MOTOR_Init                               0x08005dc1   Thumb Code   320  motor.o(i.MOTOR_Init)
    MemManage_Handler                        0x08005f11   Thumb Code     4  stm32f4xx_it.o(i.MemManage_Handler)
    NMI_Handler                              0x08005f15   Thumb Code     2  stm32f4xx_it.o(i.NMI_Handler)
    NVIC_Init                                0x08005f19   Thumb Code   106  misc.o(i.NVIC_Init)
    Page_1                                   0x08005f91   Thumb Code  2212  slave_computer.o(i.Page_1)
    Page_2                                   0x080068b9   Thumb Code  2482  slave_computer.o(i.Page_2)
    Page_3                                   0x08007275   Thumb Code  1230  slave_computer.o(i.Page_3)
    Page_Op                                  0x08007745   Thumb Code    78  slave_computer.o(i.Page_Op)
    PendSV_Handler                           0x080077a1   Thumb Code     2  stm32f4xx_it.o(i.PendSV_Handler)
    Plus_Op                                  0x080077a5   Thumb Code   336  slave_computer.o(i.Plus_Op)
    RCC_AHB1PeriphClockCmd                   0x08007921   Thumb Code    26  stm32f4xx_rcc.o(i.RCC_AHB1PeriphClockCmd)
    RCC_AHB3PeriphClockCmd                   0x08007941   Thumb Code    26  stm32f4xx_rcc.o(i.RCC_AHB3PeriphClockCmd)
    RCC_APB1PeriphClockCmd                   0x08007961   Thumb Code    26  stm32f4xx_rcc.o(i.RCC_APB1PeriphClockCmd)
    RCC_APB2PeriphClockCmd                   0x08007981   Thumb Code    26  stm32f4xx_rcc.o(i.RCC_APB2PeriphClockCmd)
    RCC_GetClocksFreq                        0x080079a1   Thumb Code   214  stm32f4xx_rcc.o(i.RCC_GetClocksFreq)
    STM32_Init                               0x08007a89   Thumb Code    46  public.o(i.STM32_Init)
    SVC_Handler                              0x08007abd   Thumb Code     2  stm32f4xx_it.o(i.SVC_Handler)
    Show_Pages                               0x08007bad   Thumb Code    78  slave_computer.o(i.Show_Pages)
    SysTick_Handler                          0x08007c09   Thumb Code     2  stm32f4xx_it.o(i.SysTick_Handler)
    SystemInit                               0x08007c0d   Thumb Code    88  system_stm32f4xx.o(i.SystemInit)
    TIM2_IRQHandler                          0x08007d99   Thumb Code   216  encoder.o(i.TIM2_IRQHandler)
    TIM5_IRQHandler                          0x08007e9d   Thumb Code   210  encoder.o(i.TIM5_IRQHandler)
    TIM7_IRQHandler                          0x08007fa1   Thumb Code    28  tim.o(i.TIM7_IRQHandler)
    TIM_10ms_Init                            0x08007fc1   Thumb Code    92  tim.o(i.TIM_10ms_Init)
    TIM_ARRPreloadConfig                     0x08008021   Thumb Code    24  stm32f4xx_tim.o(i.TIM_ARRPreloadConfig)
    TIM_ClearITPendingBit                    0x08008039   Thumb Code     6  stm32f4xx_tim.o(i.TIM_ClearITPendingBit)
    TIM_Cmd                                  0x0800803f   Thumb Code    24  stm32f4xx_tim.o(i.TIM_Cmd)
    TIM_GetCapture3                          0x08008057   Thumb Code     6  stm32f4xx_tim.o(i.TIM_GetCapture3)
    TIM_GetCapture4                          0x0800805d   Thumb Code     6  stm32f4xx_tim.o(i.TIM_GetCapture4)
    TIM_GetITStatus                          0x08008063   Thumb Code    34  stm32f4xx_tim.o(i.TIM_GetITStatus)
    TIM_ICInit                               0x08008085   Thumb Code   110  stm32f4xx_tim.o(i.TIM_ICInit)
    TIM_ITConfig                             0x080080f3   Thumb Code    18  stm32f4xx_tim.o(i.TIM_ITConfig)
    TIM_OC1Init                              0x08008105   Thumb Code   114  stm32f4xx_tim.o(i.TIM_OC1Init)
    TIM_OC1PreloadConfig                     0x08008181   Thumb Code    18  stm32f4xx_tim.o(i.TIM_OC1PreloadConfig)
    TIM_OC2Init                              0x08008195   Thumb Code   154  stm32f4xx_tim.o(i.TIM_OC2Init)
    TIM_OC2PreloadConfig                     0x08008239   Thumb Code    26  stm32f4xx_tim.o(i.TIM_OC2PreloadConfig)
    TIM_OC3PolarityConfig                    0x08008253   Thumb Code    26  stm32f4xx_tim.o(i.TIM_OC3PolarityConfig)
    TIM_OC4PolarityConfig                    0x0800826d   Thumb Code    26  stm32f4xx_tim.o(i.TIM_OC4PolarityConfig)
    TIM_SetCompare1                          0x08008287   Thumb Code     4  stm32f4xx_tim.o(i.TIM_SetCompare1)
    TIM_SetCompare2                          0x0800828b   Thumb Code     4  stm32f4xx_tim.o(i.TIM_SetCompare2)
    TIM_SetCounter                           0x0800828f   Thumb Code     4  stm32f4xx_tim.o(i.TIM_SetCounter)
    TIM_SetIC1Prescaler                      0x08008293   Thumb Code    18  stm32f4xx_tim.o(i.TIM_SetIC1Prescaler)
    TIM_SetIC2Prescaler                      0x080082a5   Thumb Code    26  stm32f4xx_tim.o(i.TIM_SetIC2Prescaler)
    TIM_SetIC3Prescaler                      0x080082bf   Thumb Code    18  stm32f4xx_tim.o(i.TIM_SetIC3Prescaler)
    TIM_SetIC4Prescaler                      0x080082d1   Thumb Code    26  stm32f4xx_tim.o(i.TIM_SetIC4Prescaler)
    TIM_TimeBaseInit                         0x080082ed   Thumb Code   104  stm32f4xx_tim.o(i.TIM_TimeBaseInit)
    USART1_IRQHandler                        0x08008371   Thumb Code    34  usart.o(i.USART1_IRQHandler)
    USART1_Init                              0x0800839d   Thumb Code   182  usart.o(i.USART1_Init)
    USART_Cmd                                0x0800845d   Thumb Code    24  stm32f4xx_usart.o(i.USART_Cmd)
    USART_GetFlagStatus                      0x08008475   Thumb Code    26  stm32f4xx_usart.o(i.USART_GetFlagStatus)
    USART_ITConfig                           0x0800848f   Thumb Code    74  stm32f4xx_usart.o(i.USART_ITConfig)
    USART_Init                               0x080084d9   Thumb Code   204  stm32f4xx_usart.o(i.USART_Init)
    USART_ReceiveData                        0x080085ad   Thumb Code    10  stm32f4xx_usart.o(i.USART_ReceiveData)
    UsageFault_Handler                       0x080085b7   Thumb Code     4  stm32f4xx_it.o(i.UsageFault_Handler)
    __ARM_fpclassify                         0x080085bb   Thumb Code    48  fpclassify.o(i.__ARM_fpclassify)
    __hardfp_cos                             0x080085f1   Thumb Code   180  cos.o(i.__hardfp_cos)
    __hardfp_pow                             0x080086b9   Thumb Code  3072  pow.o(i.__hardfp_pow)
    __hardfp_sin                             0x08009309   Thumb Code   180  sin.o(i.__hardfp_sin)
    __hardfp_sqrt                            0x080093d1   Thumb Code   122  sqrt.o(i.__hardfp_sqrt)
    __ieee754_rem_pio2                       0x08009451   Thumb Code   938  rred.o(i.__ieee754_rem_pio2)
    __kernel_cos                             0x08009889   Thumb Code   322  cos_i.o(i.__kernel_cos)
    __kernel_poly                            0x080099f9   Thumb Code   248  poly.o(i.__kernel_poly)
    __kernel_sin                             0x08009af1   Thumb Code   280  sin_i.o(i.__kernel_sin)
    __mathlib_dbl_divzero                    0x08009c21   Thumb Code    28  dunder.o(i.__mathlib_dbl_divzero)
    __mathlib_dbl_infnan                     0x08009c51   Thumb Code    20  dunder.o(i.__mathlib_dbl_infnan)
    __mathlib_dbl_infnan2                    0x08009c65   Thumb Code    20  dunder.o(i.__mathlib_dbl_infnan2)
    __mathlib_dbl_invalid                    0x08009c79   Thumb Code    24  dunder.o(i.__mathlib_dbl_invalid)
    __mathlib_dbl_overflow                   0x08009c99   Thumb Code    24  dunder.o(i.__mathlib_dbl_overflow)
    __mathlib_dbl_underflow                  0x08009cb9   Thumb Code    24  dunder.o(i.__mathlib_dbl_underflow)
    delay_ms                                 0x08009cd9   Thumb Code    72  delay.o(i.delay_ms)
    delay_us                                 0x08009d21   Thumb Code    74  delay.o(i.delay_us)
    fabs                                     0x08009d6b   Thumb Code    24  fabs.o(i.fabs)
    main                                     0x08009d83   Thumb Code    16  main.o(i.main)
    sqrt                                     0x08009d93   Thumb Code   110  sqrt.o(i.sqrt)
    __aeabi_dneg                             0x08009e01   Thumb Code     0  basic.o(x$fpl$basic)
    _dneg                                    0x08009e01   Thumb Code     6  basic.o(x$fpl$basic)
    __aeabi_fneg                             0x08009e07   Thumb Code     0  basic.o(x$fpl$basic)
    _fneg                                    0x08009e07   Thumb Code     6  basic.o(x$fpl$basic)
    _dabs                                    0x08009e0d   Thumb Code     6  basic.o(x$fpl$basic)
    _fabs                                    0x08009e13   Thumb Code     6  basic.o(x$fpl$basic)
    __aeabi_dadd                             0x08009e19   Thumb Code     0  daddsub_clz.o(x$fpl$dadd)
    _dadd                                    0x08009e19   Thumb Code   332  daddsub_clz.o(x$fpl$dadd)
    __fpl_dcheck_NaN1                        0x08009f69   Thumb Code    10  dcheck1.o(x$fpl$dcheck1)
    __fpl_dcmp_Inf                           0x08009f79   Thumb Code    24  dcmpi.o(x$fpl$dcmpinf)
    __aeabi_ddiv                             0x08009f91   Thumb Code     0  ddiv.o(x$fpl$ddiv)
    _ddiv                                    0x08009f91   Thumb Code   552  ddiv.o(x$fpl$ddiv)
    __aeabi_d2iz                             0x0800a241   Thumb Code     0  dfix.o(x$fpl$dfix)
    _dfix                                    0x0800a241   Thumb Code    94  dfix.o(x$fpl$dfix)
    __aeabi_d2uiz                            0x0800a2a1   Thumb Code     0  dfixu.o(x$fpl$dfixu)
    _dfixu                                   0x0800a2a1   Thumb Code    90  dfixu.o(x$fpl$dfixu)
    __aeabi_i2d                              0x0800a2fb   Thumb Code     0  dflt_clz.o(x$fpl$dflt)
    _dflt                                    0x0800a2fb   Thumb Code    46  dflt_clz.o(x$fpl$dflt)
    __aeabi_ui2d                             0x0800a329   Thumb Code     0  dflt_clz.o(x$fpl$dfltu)
    _dfltu                                   0x0800a329   Thumb Code    38  dflt_clz.o(x$fpl$dfltu)
    __aeabi_cdcmple                          0x0800a351   Thumb Code     0  dleqf.o(x$fpl$dleqf)
    _dcmple                                  0x0800a351   Thumb Code   120  dleqf.o(x$fpl$dleqf)
    __fpl_dcmple_InfNaN                      0x0800a3b3   Thumb Code     0  dleqf.o(x$fpl$dleqf)
    __aeabi_dmul                             0x0800a3c9   Thumb Code     0  dmul.o(x$fpl$dmul)
    _dmul                                    0x0800a3c9   Thumb Code   332  dmul.o(x$fpl$dmul)
    __fpl_dnaninf                            0x0800a51d   Thumb Code   156  dnaninf.o(x$fpl$dnaninf)
    __fpl_dretinf                            0x0800a5b9   Thumb Code    12  dretinf.o(x$fpl$dretinf)
    __aeabi_cdrcmple                         0x0800a5c5   Thumb Code     0  drleqf.o(x$fpl$drleqf)
    _drcmple                                 0x0800a5c5   Thumb Code   108  drleqf.o(x$fpl$drleqf)
    __aeabi_drsub                            0x0800a631   Thumb Code     0  daddsub_clz.o(x$fpl$drsb)
    _drsb                                    0x0800a631   Thumb Code    22  daddsub_clz.o(x$fpl$drsb)
    _dsqrt                                   0x0800a649   Thumb Code   404  dsqrt_umaal.o(x$fpl$dsqrt)
    __aeabi_dsub                             0x0800a7e1   Thumb Code     0  daddsub_clz.o(x$fpl$dsub)
    _dsub                                    0x0800a7e1   Thumb Code   464  daddsub_clz.o(x$fpl$dsub)
    _fp_init                                 0x0800a9b5   Thumb Code    10  fpinit.o(x$fpl$fpinit)
    __fplib_config_fpu_vfp                   0x0800a9bd   Thumb Code     0  fpinit.o(x$fpl$fpinit)
    __fplib_config_pureend_doubles           0x0800a9bd   Thumb Code     0  fpinit.o(x$fpl$fpinit)
    __fpl_return_NaN                         0x0800a9bf   Thumb Code   100  retnan.o(x$fpl$retnan)
    __ARM_scalbn                             0x0800aa23   Thumb Code    92  scalbn.o(x$fpl$scalbn)
    __fpl_cmpreturn                          0x0800aa7f   Thumb Code    48  trapv.o(x$fpl$trapveneer)
    __I$use$fp                               0x0800aaae   Number         0  usenofp.o(x$fpl$usenofp)
    asc2_1206                                0x0800aaae   Data        1140  lcd.o(.constdata)
    asc2_1608                                0x0800af22   Data        1520  lcd.o(.constdata)
    asc2_2412                                0x0800b512   Data        3420  lcd.o(.constdata)
    __mathlib_zero                           0x0800c388   Data           8  qnan.o(.constdata)
    Region$$Table$$Base                      0x0800c480   Number         0  anon$$obj.o(Region$$Table)
    Region$$Table$$Limit                     0x0800c4a0   Number         0  anon$$obj.o(Region$$Table)
    motor_pwm_max                            0x20000000   Data           4  public.o(.data)
    POINT_COLOR                              0x20000004   Data           2  lcd.o(.data)
    BACK_COLOR                               0x20000006   Data           2  lcd.o(.data)
    rotate_motor0                            0x20000010   Data           8  encoder.o(.data)
    rotate_motor1                            0x20000018   Data           8  encoder.o(.data)
    encoder0_count                           0x20000020   Data           4  encoder.o(.data)
    encoder1_count                           0x20000024   Data           4  encoder.o(.data)
    encoder_count_exp                        0x20000028   Data           8  main_control.o(.data)
    encoder_dev                              0x20000030   Data           8  main_control.o(.data)
    move_mode                                0x20000038   Data           1  main_control.o(.data)
    pattern_mode                             0x20000039   Data           1  main_control.o(.data)
    pattern_n                                0x2000003a   Data           2  main_control.o(.data)
    pattern_start                            0x2000003c   Data           1  main_control.o(.data)
    n_now                                    0x2000003e   Data           2  main_control.o(.data)
    direction_flag                           0x20000040   Data           1  main_control.o(.data)
    direction_erro                           0x20000048   Data           8  main_control.o(.data)
    MOTOR_P                                  0x20000058   Data           8  pid.o(.data)
    MOTOR_D                                  0x20000060   Data           8  pid.o(.data)
    MOTOR_I                                  0x20000068   Data           8  pid.o(.data)
    pid_reset_flag                           0x20000070   Data           1  pid.o(.data)
    key                                      0x20000084   Data           1  slave_computer.o(.data)
    motor0_pwm_n                             0x20000088   Data           4  slave_computer.o(.data)
    motor1_pwm_n                             0x2000008c   Data           4  slave_computer.o(.data)
    Debug                                    0x20000090   Data           1  slave_computer.o(.data)
    page_max                                 0x20000091   Data           1  slave_computer.o(.data)
    plus                                     0x20000094   Data           4  slave_computer.o(.data)
    line_n                                   0x20000098   Data           1  slave_computer.o(.data)
    Page                                     0x20000099   Data           1  slave_computer.o(.data)
    flag_change                              0x2000009a   Data           1  slave_computer.o(.data)
    lcddev                                   0x200000ac   Data          14  lcd.o(.bss)
    location_n                               0x200000c0   Data          16  main_control.o(.bss)
    location_exp                             0x200000d0   Data          16  main_control.o(.bss)
    length_n                                 0x200000e0   Data          16  main_control.o(.bss)
    length_exp                               0x200000f0   Data          16  main_control.o(.bss)
    Circle_par                               0x20000100   Data          24  main_control.o(.bss)
    Line_par                                 0x20000118   Data          32  main_control.o(.bss)
    location_diy                             0x20000138   Data          16  slave_computer.o(.bss)
    __libspace_start                         0x20000148   Data          96  libspace.o(.bss)
    __temporary_stack_top$libspace           0x200001a8   Data           0  libspace.o(.bss)



==============================================================================

Memory Map of the image

  Image Entry point : 0x08000189

  Load Region LR_IROM1 (Base: 0x08000000, Size: 0x0000c54c, Max: 0x00100000, ABSOLUTE)

    Execution Region ER_IROM1 (Base: 0x08000000, Size: 0x0000c4a0, Max: 0x00100000, ABSOLUTE)

    Base Addr    Size         Type   Attr      Idx    E Section Name        Object

    0x08000000   0x00000188   Data   RO          931    RESET               startup_stm32f40_41xxx.o
    0x08000188   0x00000008   Code   RO         2336  * !!!main             c_w.l(__main.o)
    0x08000190   0x00000034   Code   RO         2638    !!!scatter          c_w.l(__scatter.o)
    0x080001c4   0x0000001a   Code   RO         2640    !!handler_copy      c_w.l(__scatter_copy.o)
    0x080001de   0x00000002   PAD
    0x080001e0   0x0000001c   Code   RO         2642    !!handler_zi        c_w.l(__scatter_zi.o)
    0x080001fc   0x00000002   Code   RO         2507    .ARM.Collect$$libinit$$00000000  c_w.l(libinit.o)
    0x080001fe   0x00000004   Code   RO         2512    .ARM.Collect$$libinit$$00000001  c_w.l(libinit2.o)
    0x08000202   0x00000000   Code   RO         2515    .ARM.Collect$$libinit$$00000004  c_w.l(libinit2.o)
    0x08000202   0x00000000   Code   RO         2518    .ARM.Collect$$libinit$$0000000A  c_w.l(libinit2.o)
    0x08000202   0x00000000   Code   RO         2520    .ARM.Collect$$libinit$$0000000C  c_w.l(libinit2.o)
    0x08000202   0x00000000   Code   RO         2522    .ARM.Collect$$libinit$$0000000E  c_w.l(libinit2.o)
    0x08000202   0x00000000   Code   RO         2525    .ARM.Collect$$libinit$$00000011  c_w.l(libinit2.o)
    0x08000202   0x00000000   Code   RO         2527    .ARM.Collect$$libinit$$00000013  c_w.l(libinit2.o)
    0x08000202   0x00000000   Code   RO         2529    .ARM.Collect$$libinit$$00000015  c_w.l(libinit2.o)
    0x08000202   0x00000000   Code   RO         2531    .ARM.Collect$$libinit$$00000017  c_w.l(libinit2.o)
    0x08000202   0x00000000   Code   RO         2533    .ARM.Collect$$libinit$$00000019  c_w.l(libinit2.o)
    0x08000202   0x00000000   Code   RO         2535    .ARM.Collect$$libinit$$0000001B  c_w.l(libinit2.o)
    0x08000202   0x00000000   Code   RO         2537    .ARM.Collect$$libinit$$0000001D  c_w.l(libinit2.o)
    0x08000202   0x00000000   Code   RO         2539    .ARM.Collect$$libinit$$0000001F  c_w.l(libinit2.o)
    0x08000202   0x00000000   Code   RO         2541    .ARM.Collect$$libinit$$00000021  c_w.l(libinit2.o)
    0x08000202   0x00000000   Code   RO         2543    .ARM.Collect$$libinit$$00000023  c_w.l(libinit2.o)
    0x08000202   0x00000000   Code   RO         2545    .ARM.Collect$$libinit$$00000025  c_w.l(libinit2.o)
    0x08000202   0x00000000   Code   RO         2549    .ARM.Collect$$libinit$$0000002C  c_w.l(libinit2.o)
    0x08000202   0x00000000   Code   RO         2551    .ARM.Collect$$libinit$$0000002E  c_w.l(libinit2.o)
    0x08000202   0x00000000   Code   RO         2553    .ARM.Collect$$libinit$$00000030  c_w.l(libinit2.o)
    0x08000202   0x00000000   Code   RO         2555    .ARM.Collect$$libinit$$00000032  c_w.l(libinit2.o)
    0x08000202   0x00000002   Code   RO         2556    .ARM.Collect$$libinit$$00000033  c_w.l(libinit2.o)
    0x08000204   0x00000002   Code   RO         2578    .ARM.Collect$$libshutdown$$00000000  c_w.l(libshutdown.o)
    0x08000206   0x00000000   Code   RO         2591    .ARM.Collect$$libshutdown$$00000002  c_w.l(libshutdown2.o)
    0x08000206   0x00000000   Code   RO         2593    .ARM.Collect$$libshutdown$$00000004  c_w.l(libshutdown2.o)
    0x08000206   0x00000000   Code   RO         2596    .ARM.Collect$$libshutdown$$00000007  c_w.l(libshutdown2.o)
    0x08000206   0x00000000   Code   RO         2599    .ARM.Collect$$libshutdown$$0000000A  c_w.l(libshutdown2.o)
    0x08000206   0x00000000   Code   RO         2601    .ARM.Collect$$libshutdown$$0000000C  c_w.l(libshutdown2.o)
    0x08000206   0x00000000   Code   RO         2604    .ARM.Collect$$libshutdown$$0000000F  c_w.l(libshutdown2.o)
    0x08000206   0x00000002   Code   RO         2605    .ARM.Collect$$libshutdown$$00000010  c_w.l(libshutdown2.o)
    0x08000208   0x00000000   Code   RO         2418    .ARM.Collect$$rtentry$$00000000  c_w.l(__rtentry.o)
    0x08000208   0x00000000   Code   RO         2474    .ARM.Collect$$rtentry$$00000002  c_w.l(__rtentry2.o)
    0x08000208   0x00000006   Code   RO         2486    .ARM.Collect$$rtentry$$00000004  c_w.l(__rtentry4.o)
    0x0800020e   0x00000000   Code   RO         2476    .ARM.Collect$$rtentry$$00000009  c_w.l(__rtentry2.o)
    0x0800020e   0x00000004   Code   RO         2477    .ARM.Collect$$rtentry$$0000000A  c_w.l(__rtentry2.o)
    0x08000212   0x00000000   Code   RO         2479    .ARM.Collect$$rtentry$$0000000C  c_w.l(__rtentry2.o)
    0x08000212   0x00000008   Code   RO         2480    .ARM.Collect$$rtentry$$0000000D  c_w.l(__rtentry2.o)
    0x0800021a   0x00000002   Code   RO         2510    .ARM.Collect$$rtexit$$00000000  c_w.l(rtexit.o)
    0x0800021c   0x00000000   Code   RO         2560    .ARM.Collect$$rtexit$$00000002  c_w.l(rtexit2.o)
    0x0800021c   0x00000004   Code   RO         2561    .ARM.Collect$$rtexit$$00000003  c_w.l(rtexit2.o)
    0x08000220   0x00000006   Code   RO         2562    .ARM.Collect$$rtexit$$00000004  c_w.l(rtexit2.o)
    0x08000226   0x00000002   PAD
    0x08000228   0x00000040   Code   RO          932    .text               startup_stm32f40_41xxx.o
    0x08000268   0x00000064   Code   RO         2332    .text               c_w.l(rt_memcpy_w.o)
    0x080002cc   0x00000006   Code   RO         2334    .text               c_w.l(heapauxi.o)
    0x080002d2   0x00000016   Code   RO         2419    .text               c_w.l(_rserrno.o)
    0x080002e8   0x00000008   Code   RO         2491    .text               c_w.l(rt_errno_addr_intlibspace.o)
    0x080002f0   0x00000008   Code   RO         2495    .text               c_w.l(libspace.o)
    0x080002f8   0x0000004a   Code   RO         2498    .text               c_w.l(sys_stackheap_outer.o)
    0x08000342   0x00000012   Code   RO         2500    .text               c_w.l(exit.o)
    0x08000354   0x0000000c   Code   RO         2570    .text               c_w.l(sys_exit.o)
    0x08000360   0x00000002   Code   RO         2581    .text               c_w.l(use_no_semi.o)
    0x08000362   0x00000000   Code   RO         2583    .text               c_w.l(indicate_semi.o)
    0x08000362   0x00000004   Code   RO          173    i.BusFault_Handler  stm32f4xx_it.o
    0x08000366   0x00000002   PAD
    0x08000368   0x000000f4   Code   RO          800    i.Circle_Location   pattern.o
    0x0800045c   0x000000d0   Code   RO          708    i.Control_10ms      main_control.o
    0x0800052c   0x00000458   Code   RO          709    i.Control_main      main_control.o
    0x08000984   0x00000054   Code   RO          851    i.Data_Op           slave_computer.o
    0x080009d8   0x00000002   Code   RO          174    i.DebugMon_Handler  stm32f4xx_it.o
    0x080009da   0x00000002   PAD
    0x080009dc   0x000000a4   Code   RO          852    i.Debug_Op          slave_computer.o
    0x08000a80   0x00000128   Code   RO          672    i.ENCODER_Init      encoder.o
    0x08000ba8   0x00000034   Code   RO         2212    i.FSMC_NORSRAMCmd   stm32f4xx_fsmc.o
    0x08000bdc   0x000000e6   Code   RO         2214    i.FSMC_NORSRAMInit  stm32f4xx_fsmc.o
    0x08000cc2   0x00000002   PAD
    0x08000cc4   0x00000044   Code   RO          853    i.Flag_Op           slave_computer.o
    0x08000d08   0x00000090   Code   RO         1310    i.GPIO_Init         stm32f4xx_gpio.o
    0x08000d98   0x00000046   Code   RO         1311    i.GPIO_PinAFConfig  stm32f4xx_gpio.o
    0x08000dde   0x00000012   Code   RO         1314    i.GPIO_ReadInputDataBit  stm32f4xx_gpio.o
    0x08000df0   0x00000012   Code   RO         1316    i.GPIO_ReadOutputDataBit  stm32f4xx_gpio.o
    0x08000e02   0x00000004   Code   RO         1317    i.GPIO_ResetBits    stm32f4xx_gpio.o
    0x08000e06   0x00000004   Code   RO         1318    i.GPIO_SetBits      stm32f4xx_gpio.o
    0x08000e0a   0x00000002   PAD
    0x08000e0c   0x00000034   Code   RO          745    i.Get_Encoder0_By_Length0  handle.o
    0x08000e40   0x00000034   Code   RO          746    i.Get_Encoder1_By_Length1  handle.o
    0x08000e74   0x00000034   Code   RO          747    i.Get_Length0_n     handle.o
    0x08000ea8   0x00000034   Code   RO          748    i.Get_Length1_n     handle.o
    0x08000edc   0x00000190   Code   RO          749    i.Get_Length_By_Location  handle.o
    0x0800106c   0x00000270   Code   RO          750    i.Get_Location_n    handle.o
    0x080012dc   0x000001a0   Code   RO          827    i.Get_PWM_By_ENCODER  pid.o
    0x0800147c   0x00000004   Code   RO          175    i.HardFault_Handler  stm32f4xx_it.o
    0x08001480   0x00000114   Code   RO          710    i.Is_match          main_control.o
    0x08001594   0x00000044   Code   RO          613    i.KEY_Init          key.o
    0x080015d8   0x000000c0   Code   RO          614    i.KEY_S             key.o
    0x08001698   0x0000006c   Code   RO          403    i.LCD_Clear         lcd.o
    0x08001704   0x000001c0   Code   RO          407    i.LCD_Display_Dir   lcd.o
    0x080018c4   0x00000180   Code   RO          412    i.LCD_Fast_DrawPoint  lcd.o
    0x08001a44   0x00003958   Code   RO          414    i.LCD_Init          lcd.o
    0x0800539c   0x00000016   Code   RO          415    i.LCD_Pow           lcd.o
    0x080053b2   0x00000002   PAD
    0x080053b4   0x00000014   Code   RO          416    i.LCD_RD_DATA       lcd.o
    0x080053c8   0x00000016   Code   RO          418    i.LCD_ReadReg       lcd.o
    0x080053de   0x00000002   PAD
    0x080053e0   0x00000060   Code   RO          419    i.LCD_SSD_BackLightSet  lcd.o
    0x08005440   0x000002ec   Code   RO          420    i.LCD_Scan_Dir      lcd.o
    0x0800572c   0x000001a8   Code   RO          421    i.LCD_SetCursor     lcd.o
    0x080058d4   0x00000128   Code   RO          423    i.LCD_ShowChar      lcd.o
    0x080059fc   0x000000e4   Code   RO          424    i.LCD_ShowNum       lcd.o
    0x08005ae0   0x00000066   Code   RO          425    i.LCD_ShowString    lcd.o
    0x08005b46   0x00000002   PAD
    0x08005b48   0x00000018   Code   RO          427    i.LCD_WR_DATA       lcd.o
    0x08005b60   0x00000018   Code   RO          428    i.LCD_WR_REG        lcd.o
    0x08005b78   0x00000014   Code   RO          430    i.LCD_WriteRAM_Prepare  lcd.o
    0x08005b8c   0x00000014   Code   RO          431    i.LCD_WriteReg      lcd.o
    0x08005ba0   0x00000028   Code   RO          358    i.LED_Change        led.o
    0x08005bc8   0x00000040   Code   RO          360    i.LED_Init          led.o
    0x08005c08   0x000000dc   Code   RO          801    i.Line_Location     pattern.o
    0x08005ce4   0x00000054   Code   RO          854    i.Line_Op           slave_computer.o
    0x08005d38   0x00000044   Code   RO          640    i.MOTOR0_Set        motor.o
    0x08005d7c   0x00000044   Code   RO          641    i.MOTOR1_Set        motor.o
    0x08005dc0   0x00000150   Code   RO          642    i.MOTOR_Init        motor.o
    0x08005f10   0x00000004   Code   RO          176    i.MemManage_Handler  stm32f4xx_it.o
    0x08005f14   0x00000002   Code   RO          177    i.NMI_Handler       stm32f4xx_it.o
    0x08005f16   0x00000002   PAD
    0x08005f18   0x00000078   Code   RO         1407    i.NVIC_Init         misc.o
    0x08005f90   0x00000928   Code   RO          855    i.Page_1            slave_computer.o
    0x080068b8   0x000009bc   Code   RO          856    i.Page_2            slave_computer.o
    0x08007274   0x000004ce   Code   RO          857    i.Page_3            slave_computer.o
    0x08007742   0x00000002   PAD
    0x08007744   0x0000005c   Code   RO          858    i.Page_Op           slave_computer.o
    0x080077a0   0x00000002   Code   RO          178    i.PendSV_Handler    stm32f4xx_it.o
    0x080077a2   0x00000002   PAD
    0x080077a4   0x0000017c   Code   RO          859    i.Plus_Op           slave_computer.o
    0x08007920   0x00000020   Code   RO          975    i.RCC_AHB1PeriphClockCmd  stm32f4xx_rcc.o
    0x08007940   0x00000020   Code   RO          981    i.RCC_AHB3PeriphClockCmd  stm32f4xx_rcc.o
    0x08007960   0x00000020   Code   RO          984    i.RCC_APB1PeriphClockCmd  stm32f4xx_rcc.o
    0x08007980   0x00000020   Code   RO          987    i.RCC_APB2PeriphClockCmd  stm32f4xx_rcc.o
    0x080079a0   0x000000e8   Code   RO          996    i.RCC_GetClocksFreq  stm32f4xx_rcc.o
    0x08007a88   0x00000034   Code   RO          244    i.STM32_Init        public.o
    0x08007abc   0x00000002   Code   RO          179    i.SVC_Handler       stm32f4xx_it.o
    0x08007abe   0x00000002   PAD
    0x08007ac0   0x000000ec   Code   RO          938    i.SetSysClock       system_stm32f4xx.o
    0x08007bac   0x0000005c   Code   RO          860    i.Show_Pages        slave_computer.o
    0x08007c08   0x00000002   Code   RO          180    i.SysTick_Handler   stm32f4xx_it.o
    0x08007c0a   0x00000002   PAD
    0x08007c0c   0x00000068   Code   RO          940    i.SystemInit        system_stm32f4xx.o
    0x08007c74   0x0000003a   Code   RO         1451    i.TI1_Config        stm32f4xx_tim.o
    0x08007cae   0x00000050   Code   RO         1452    i.TI2_Config        stm32f4xx_tim.o
    0x08007cfe   0x00000048   Code   RO         1453    i.TI3_Config        stm32f4xx_tim.o
    0x08007d46   0x00000050   Code   RO         1454    i.TI4_Config        stm32f4xx_tim.o
    0x08007d96   0x00000002   PAD
    0x08007d98   0x00000104   Code   RO          673    i.TIM2_IRQHandler   encoder.o
    0x08007e9c   0x00000104   Code   RO          674    i.TIM5_IRQHandler   encoder.o
    0x08007fa0   0x00000020   Code   RO          332    i.TIM7_IRQHandler   tim.o
    0x08007fc0   0x00000060   Code   RO          333    i.TIM_10ms_Init     tim.o
    0x08008020   0x00000018   Code   RO         1455    i.TIM_ARRPreloadConfig  stm32f4xx_tim.o
    0x08008038   0x00000006   Code   RO         1462    i.TIM_ClearITPendingBit  stm32f4xx_tim.o
    0x0800803e   0x00000018   Code   RO         1467    i.TIM_Cmd           stm32f4xx_tim.o
    0x08008056   0x00000006   Code   RO         1484    i.TIM_GetCapture3   stm32f4xx_tim.o
    0x0800805c   0x00000006   Code   RO         1485    i.TIM_GetCapture4   stm32f4xx_tim.o
    0x08008062   0x00000022   Code   RO         1488    i.TIM_GetITStatus   stm32f4xx_tim.o
    0x08008084   0x0000006e   Code   RO         1490    i.TIM_ICInit        stm32f4xx_tim.o
    0x080080f2   0x00000012   Code   RO         1492    i.TIM_ITConfig      stm32f4xx_tim.o
    0x08008104   0x0000007c   Code   RO         1496    i.TIM_OC1Init       stm32f4xx_tim.o
    0x08008180   0x00000012   Code   RO         1499    i.TIM_OC1PreloadConfig  stm32f4xx_tim.o
    0x08008192   0x00000002   PAD
    0x08008194   0x000000a4   Code   RO         1501    i.TIM_OC2Init       stm32f4xx_tim.o
    0x08008238   0x0000001a   Code   RO         1504    i.TIM_OC2PreloadConfig  stm32f4xx_tim.o
    0x08008252   0x0000001a   Code   RO         1508    i.TIM_OC3PolarityConfig  stm32f4xx_tim.o
    0x0800826c   0x0000001a   Code   RO         1512    i.TIM_OC4PolarityConfig  stm32f4xx_tim.o
    0x08008286   0x00000004   Code   RO         1529    i.TIM_SetCompare1   stm32f4xx_tim.o
    0x0800828a   0x00000004   Code   RO         1530    i.TIM_SetCompare2   stm32f4xx_tim.o
    0x0800828e   0x00000004   Code   RO         1533    i.TIM_SetCounter    stm32f4xx_tim.o
    0x08008292   0x00000012   Code   RO         1534    i.TIM_SetIC1Prescaler  stm32f4xx_tim.o
    0x080082a4   0x0000001a   Code   RO         1535    i.TIM_SetIC2Prescaler  stm32f4xx_tim.o
    0x080082be   0x00000012   Code   RO         1536    i.TIM_SetIC3Prescaler  stm32f4xx_tim.o
    0x080082d0   0x0000001a   Code   RO         1537    i.TIM_SetIC4Prescaler  stm32f4xx_tim.o
    0x080082ea   0x00000002   PAD
    0x080082ec   0x00000084   Code   RO         1539    i.TIM_TimeBaseInit  stm32f4xx_tim.o
    0x08008370   0x0000002c   Code   RO          293    i.USART1_IRQHandler  usart.o
    0x0800839c   0x000000c0   Code   RO          294    i.USART1_Init       usart.o
    0x0800845c   0x00000018   Code   RO         2017    i.USART_Cmd         stm32f4xx_usart.o
    0x08008474   0x0000001a   Code   RO         2020    i.USART_GetFlagStatus  stm32f4xx_usart.o
    0x0800848e   0x0000004a   Code   RO         2023    i.USART_ITConfig    stm32f4xx_usart.o
    0x080084d8   0x000000d4   Code   RO         2024    i.USART_Init        stm32f4xx_usart.o
    0x080085ac   0x0000000a   Code   RO         2031    i.USART_ReceiveData  stm32f4xx_usart.o
    0x080085b6   0x00000004   Code   RO          181    i.UsageFault_Handler  stm32f4xx_it.o
    0x080085ba   0x00000030   Code   RO         2457    i.__ARM_fpclassify  m_wm.l(fpclassify.o)
    0x080085ea   0x00000006   PAD
    0x080085f0   0x000000c8   Code   RO         2368    i.__hardfp_cos      m_wm.l(cos.o)
    0x080086b8   0x00000c50   Code   RO         2380    i.__hardfp_pow      m_wm.l(pow.o)
    0x08009308   0x000000c8   Code   RO         2394    i.__hardfp_sin      m_wm.l(sin.o)
    0x080093d0   0x0000007a   Code   RO         2406    i.__hardfp_sqrt     m_wm.l(sqrt.o)
    0x0800944a   0x00000006   PAD
    0x08009450   0x00000438   Code   RO         2462    i.__ieee754_rem_pio2  m_wm.l(rred.o)
    0x08009888   0x00000170   Code   RO         2434    i.__kernel_cos      m_wm.l(cos_i.o)
    0x080099f8   0x000000f8   Code   RO         2459    i.__kernel_poly     m_wm.l(poly.o)
    0x08009af0   0x00000130   Code   RO         2467    i.__kernel_sin      m_wm.l(sin_i.o)
    0x08009c20   0x00000030   Code   RO         2437    i.__mathlib_dbl_divzero  m_wm.l(dunder.o)
    0x08009c50   0x00000014   Code   RO         2438    i.__mathlib_dbl_infnan  m_wm.l(dunder.o)
    0x08009c64   0x00000014   Code   RO         2439    i.__mathlib_dbl_infnan2  m_wm.l(dunder.o)
    0x08009c78   0x00000020   Code   RO         2440    i.__mathlib_dbl_invalid  m_wm.l(dunder.o)
    0x08009c98   0x00000020   Code   RO         2441    i.__mathlib_dbl_overflow  m_wm.l(dunder.o)
    0x08009cb8   0x00000020   Code   RO         2443    i.__mathlib_dbl_underflow  m_wm.l(dunder.o)
    0x08009cd8   0x00000048   Code   RO          267    i.delay_ms          delay.o
    0x08009d20   0x0000004a   Code   RO          268    i.delay_us          delay.o
    0x08009d6a   0x00000018   Code   RO         2453    i.fabs              m_wm.l(fabs.o)
    0x08009d82   0x00000010   Code   RO            3    i.main              main.o
    0x08009d92   0x0000006e   Code   RO         2408    i.sqrt              m_wm.l(sqrt.o)
    0x08009e00   0x00000018   Code   RO         2421    x$fpl$basic         fz_wm.l(basic.o)
    0x08009e18   0x00000150   Code   RO         2338    x$fpl$dadd          fz_wm.l(daddsub_clz.o)
    0x08009f68   0x00000010   Code   RO         2493    x$fpl$dcheck1       fz_wm.l(dcheck1.o)
    0x08009f78   0x00000018   Code   RO         2423    x$fpl$dcmpinf       fz_wm.l(dcmpi.o)
    0x08009f90   0x000002b0   Code   RO         2345    x$fpl$ddiv          fz_wm.l(ddiv.o)
    0x0800a240   0x0000005e   Code   RO         2348    x$fpl$dfix          fz_wm.l(dfix.o)
    0x0800a29e   0x00000002   PAD
    0x0800a2a0   0x0000005a   Code   RO         2352    x$fpl$dfixu         fz_wm.l(dfixu.o)
    0x0800a2fa   0x0000002e   Code   RO         2357    x$fpl$dflt          fz_wm.l(dflt_clz.o)
    0x0800a328   0x00000026   Code   RO         2356    x$fpl$dfltu         fz_wm.l(dflt_clz.o)
    0x0800a34e   0x00000002   PAD
    0x0800a350   0x00000078   Code   RO         2362    x$fpl$dleqf         fz_wm.l(dleqf.o)
    0x0800a3c8   0x00000154   Code   RO         2364    x$fpl$dmul          fz_wm.l(dmul.o)
    0x0800a51c   0x0000009c   Code   RO         2425    x$fpl$dnaninf       fz_wm.l(dnaninf.o)
    0x0800a5b8   0x0000000c   Code   RO         2427    x$fpl$dretinf       fz_wm.l(dretinf.o)
    0x0800a5c4   0x0000006c   Code   RO         2366    x$fpl$drleqf        fz_wm.l(drleqf.o)
    0x0800a630   0x00000016   Code   RO         2339    x$fpl$drsb          fz_wm.l(daddsub_clz.o)
    0x0800a646   0x00000002   PAD
    0x0800a648   0x00000198   Code   RO         2429    x$fpl$dsqrt         fz_wm.l(dsqrt_umaal.o)
    0x0800a7e0   0x000001d4   Code   RO         2340    x$fpl$dsub          fz_wm.l(daddsub_clz.o)
    0x0800a9b4   0x0000000a   Code   RO         2568    x$fpl$fpinit        fz_wm.l(fpinit.o)
    0x0800a9be   0x00000064   Code   RO         2508    x$fpl$retnan        fz_wm.l(retnan.o)
    0x0800aa22   0x0000005c   Code   RO         2431    x$fpl$scalbn        fz_wm.l(scalbn.o)
    0x0800aa7e   0x00000030   Code   RO         2557    x$fpl$trapveneer    fz_wm.l(trapv.o)
    0x0800aaae   0x00000000   Code   RO         2433    x$fpl$usenofp       fz_wm.l(usenofp.o)
    0x0800aaae   0x000017c0   Data   RO          434    .constdata          lcd.o
    0x0800c26e   0x00000002   PAD
    0x0800c270   0x0000005e   Data   RO          862    .constdata          slave_computer.o
    0x0800c2ce   0x00000002   PAD
    0x0800c2d0   0x00000088   Data   RO         2383    .constdata          m_wm.l(pow.o)
    0x0800c358   0x00000030   Data   RO         2435    .constdata          m_wm.l(cos_i.o)
    0x0800c388   0x00000008   Data   RO         2461    .constdata          m_wm.l(qnan.o)
    0x0800c390   0x000000c8   Data   RO         2464    .constdata          m_wm.l(rred.o)
    0x0800c458   0x00000028   Data   RO         2468    .constdata          m_wm.l(sin_i.o)
    0x0800c480   0x00000020   Data   RO         2636    Region$$Table       anon$$obj.o


    Execution Region RW_IRAM1 (Base: 0x20000000, Size: 0x000007a8, Max: 0x00020000, ABSOLUTE)

    Base Addr    Size         Type   Attr      Idx    E Section Name        Object

    0x20000000   0x00000004   Data   RW          245    .data               public.o
    0x20000004   0x00000004   Data   RW          435    .data               lcd.o
    0x20000008   0x00000001   Data   RW          615    .data               key.o
    0x20000009   0x00000007   PAD
    0x20000010   0x00000018   Data   RW          675    .data               encoder.o
    0x20000028   0x00000029   Data   RW          712    .data               main_control.o
    0x20000051   0x00000007   PAD
    0x20000058   0x0000002c   Data   RW          828    .data               pid.o
    0x20000084   0x00000017   Data   RW          863    .data               slave_computer.o
    0x2000009b   0x00000010   Data   RW         1028    .data               stm32f4xx_rcc.o
    0x200000ab   0x00000001   PAD
    0x200000ac   0x0000000e   Zero   RW          433    .bss                lcd.o
    0x200000ba   0x00000006   PAD
    0x200000c0   0x00000078   Zero   RW          711    .bss                main_control.o
    0x20000138   0x00000010   Zero   RW          861    .bss                slave_computer.o
    0x20000148   0x00000060   Zero   RW         2496    .bss                c_w.l(libspace.o)
    0x200001a8   0x00000200   Zero   RW          930    HEAP                startup_stm32f40_41xxx.o
    0x200003a8   0x00000400   Zero   RW          929    STACK               startup_stm32f40_41xxx.o


==============================================================================

Image component sizes


      Code (inc. data)   RO Data    RW Data    ZI Data      Debug   Object Name

       146          0          0          0          0       1182   delay.o
       816        112          0         24          0       2539   encoder.o
      1232        140          0          0          0       4078   handle.o
       260         22          0          1          0       1303   key.o
     17666        188       6080          4         14      22963   lcd.o
       104         10          0          0          0       1128   led.o
        16          0          0          0          0     290987   main.o
      1596        158          0         41        120       3640   main_control.o
       120         14          0          0          0       1220   misc.o
       472         30          0          0          0       2071   motor.o
       464         34          0          0          0       1838   pattern.o
       416         28          0         44          0       1654   pid.o
        52          6          0          4          0        781   public.o
      7030        984         94         23         16       9249   slave_computer.o
        64         26        392          0       1536        980   startup_stm32f40_41xxx.o
       282          6          0          0          0       2125   stm32f4xx_fsmc.o
       258          0          0          0          0       4848   stm32f4xx_gpio.o
        26          0          0          0          0       4490   stm32f4xx_it.o
       360         42          0         16          0       5848   stm32f4xx_rcc.o
      1134         48          0          0          0      19405   stm32f4xx_tim.o
       346          8          0          0          0       4716   stm32f4xx_usart.o
       340         32          0          0          0       1953   system_stm32f4xx.o
       128          8          0          0          0       1150   tim.o
       236         20          0          0          0       1362   usart.o

    ----------------------------------------------------------------------
     33594       1916       6602        172       1692     391510   Object Totals
         0          0         32          0          0          0   (incl. Generated)
        30          0          4         15          6          0   (incl. Padding)

    ----------------------------------------------------------------------

      Code (inc. data)   RO Data    RW Data    ZI Data      Debug   Library Member Name

         8          0          0          0          0         68   __main.o
         0          0          0          0          0          0   __rtentry.o
        12          0          0          0          0          0   __rtentry2.o
         6          0          0          0          0          0   __rtentry4.o
        52          8          0          0          0          0   __scatter.o
        26          0          0          0          0          0   __scatter_copy.o
        28          0          0          0          0          0   __scatter_zi.o
        22          0          0          0          0        100   _rserrno.o
        18          0          0          0          0         80   exit.o
         6          0          0          0          0        152   heapauxi.o
         0          0          0          0          0          0   indicate_semi.o
         2          0          0          0          0          0   libinit.o
         6          0          0          0          0          0   libinit2.o
         2          0          0          0          0          0   libshutdown.o
         2          0          0          0          0          0   libshutdown2.o
         8          4          0          0         96         68   libspace.o
         8          4          0          0          0         68   rt_errno_addr_intlibspace.o
       100          0          0          0          0         80   rt_memcpy_w.o
         2          0          0          0          0          0   rtexit.o
        10          0          0          0          0          0   rtexit2.o
        12          4          0          0          0         68   sys_exit.o
        74          0          0          0          0         80   sys_stackheap_outer.o
         2          0          0          0          0         68   use_no_semi.o
        24          0          0          0          0        164   basic.o
       826         16          0          0          0        492   daddsub_clz.o
        16          4          0          0          0        116   dcheck1.o
        24          0          0          0          0        116   dcmpi.o
       688        140          0          0          0        256   ddiv.o
        94          4          0          0          0        140   dfix.o
        90          4          0          0          0        140   dfixu.o
        84          0          0          0          0        232   dflt_clz.o
       120          4          0          0          0        140   dleqf.o
       340         12          0          0          0        152   dmul.o
       156          4          0          0          0        140   dnaninf.o
        12          0          0          0          0        116   dretinf.o
       108          0          0          0          0        128   drleqf.o
       408         56          0          0          0        168   dsqrt_umaal.o
        10          0          0          0          0        116   fpinit.o
       100          0          0          0          0        116   retnan.o
        92          0          0          0          0        116   scalbn.o
        48          0          0          0          0        116   trapv.o
         0          0          0          0          0          0   usenofp.o
       200         20          0          0          0        164   cos.o
       368         46         48          0          0        200   cos_i.o
       184         44          0          0          0        744   dunder.o
        24          0          0          0          0        124   fabs.o
        48          0          0          0          0        124   fpclassify.o
       248          0          0          0          0        152   poly.o
      3152        296        136          0          0        352   pow.o
         0          0          8          0          0          0   qnan.o
      1080        142        200          0          0        188   rred.o
       200         20          0          0          0        164   sin.o
       304         24         40          0          0        208   sin_i.o
       232          0          0          0          0        296   sqrt.o

    ----------------------------------------------------------------------
      9708        856        432          0         96       6512   Library Totals
        22          0          0          0          0          0   (incl. Padding)

    ----------------------------------------------------------------------

      Code (inc. data)   RO Data    RW Data    ZI Data      Debug   Library Name

       406         20          0          0         96        832   c_w.l
      3240        244          0          0          0       2964   fz_wm.l
      6040        592        432          0          0       2716   m_wm.l

    ----------------------------------------------------------------------
      9708        856        432          0         96       6512   Library Totals

    ----------------------------------------------------------------------

==============================================================================


      Code (inc. data)   RO Data    RW Data    ZI Data      Debug   

     43302       2772       7034        172       1788     383410   Grand Totals
     43302       2772       7034        172       1788     383410   ELF Image Totals
     43302       2772       7034        172          0          0   ROM Totals

==============================================================================

    Total RO  Size (Code + RO Data)                50336 (  49.16kB)
    Total RW  Size (RW Data + ZI Data)              1960 (   1.91kB)
    Total ROM Size (Code + RO Data + RW Data)      50508 (  49.32kB)

==============================================================================

